Archive member included to satisfy reference by file (symbol)

c:/users/tommy/documents/bike stmproj/tools/gcc-arm-none-eabi-10.3-2021.10/bin/../lib/gcc/arm-none-eabi/10.3.1/../../../../arm-none-eabi/lib/thumb/v7e-m+fp/hard\libc_nano.a(lib_a-errno.o)
                              build/sysmem.o (__errno)
c:/users/tommy/documents/bike stmproj/tools/gcc-arm-none-eabi-10.3-2021.10/bin/../lib/gcc/arm-none-eabi/10.3.1/../../../../arm-none-eabi/lib/thumb/v7e-m+fp/hard\libc_nano.a(lib_a-exit.o)
                              c:/users/tommy/documents/bike stmproj/tools/gcc-arm-none-eabi-10.3-2021.10/bin/../lib/gcc/arm-none-eabi/10.3.1/../../../../arm-none-eabi/lib/thumb/v7e-m+fp/hard/crt0.o (exit)
c:/users/tommy/documents/bike stmproj/tools/gcc-arm-none-eabi-10.3-2021.10/bin/../lib/gcc/arm-none-eabi/10.3.1/../../../../arm-none-eabi/lib/thumb/v7e-m+fp/hard\libc_nano.a(lib_a-impure.o)
                              c:/users/tommy/documents/bike stmproj/tools/gcc-arm-none-eabi-10.3-2021.10/bin/../lib/gcc/arm-none-eabi/10.3.1/../../../../arm-none-eabi/lib/thumb/v7e-m+fp/hard\libc_nano.a(lib_a-exit.o) (_global_impure_ptr)
c:/users/tommy/documents/bike stmproj/tools/gcc-arm-none-eabi-10.3-2021.10/bin/../lib/gcc/arm-none-eabi/10.3.1/../../../../arm-none-eabi/lib/thumb/v7e-m+fp/hard\libc_nano.a(lib_a-init.o)
                              c:/users/tommy/documents/bike stmproj/tools/gcc-arm-none-eabi-10.3-2021.10/bin/../lib/gcc/arm-none-eabi/10.3.1/../../../../arm-none-eabi/lib/thumb/v7e-m+fp/hard/crt0.o (__libc_init_array)
c:/users/tommy/documents/bike stmproj/tools/gcc-arm-none-eabi-10.3-2021.10/bin/../lib/gcc/arm-none-eabi/10.3.1/../../../../arm-none-eabi/lib/thumb/v7e-m+fp/hard\libc_nano.a(lib_a-memset.o)
                              c:/users/tommy/documents/bike stmproj/tools/gcc-arm-none-eabi-10.3-2021.10/bin/../lib/gcc/arm-none-eabi/10.3.1/../../../../arm-none-eabi/lib/thumb/v7e-m+fp/hard/crt0.o (memset)
c:/users/tommy/documents/bike stmproj/tools/gcc-arm-none-eabi-10.3-2021.10/bin/../lib/gcc/arm-none-eabi/10.3.1/thumb/v7e-m+fp/hard\libgcc.a(_aeabi_uldivmod.o)
                              build/stm32f4xx_hal_rcc.o (__aeabi_uldivmod)
c:/users/tommy/documents/bike stmproj/tools/gcc-arm-none-eabi-10.3-2021.10/bin/../lib/gcc/arm-none-eabi/10.3.1/thumb/v7e-m+fp/hard\libgcc.a(_udivmoddi4.o)
                              c:/users/tommy/documents/bike stmproj/tools/gcc-arm-none-eabi-10.3-2021.10/bin/../lib/gcc/arm-none-eabi/10.3.1/thumb/v7e-m+fp/hard\libgcc.a(_aeabi_uldivmod.o) (__udivmoddi4)
c:/users/tommy/documents/bike stmproj/tools/gcc-arm-none-eabi-10.3-2021.10/bin/../lib/gcc/arm-none-eabi/10.3.1/thumb/v7e-m+fp/hard\libgcc.a(_dvmd_tls.o)
                              c:/users/tommy/documents/bike stmproj/tools/gcc-arm-none-eabi-10.3-2021.10/bin/../lib/gcc/arm-none-eabi/10.3.1/thumb/v7e-m+fp/hard\libgcc.a(_aeabi_uldivmod.o) (__aeabi_ldiv0)

Discarded input sections

 .text          0x00000000        0x0 c:/users/tommy/documents/bike stmproj/tools/gcc-arm-none-eabi-10.3-2021.10/bin/../lib/gcc/arm-none-eabi/10.3.1/thumb/v7e-m+fp/hard/crti.o
 .data          0x00000000        0x0 c:/users/tommy/documents/bike stmproj/tools/gcc-arm-none-eabi-10.3-2021.10/bin/../lib/gcc/arm-none-eabi/10.3.1/thumb/v7e-m+fp/hard/crti.o
 .bss           0x00000000        0x0 c:/users/tommy/documents/bike stmproj/tools/gcc-arm-none-eabi-10.3-2021.10/bin/../lib/gcc/arm-none-eabi/10.3.1/thumb/v7e-m+fp/hard/crti.o
 .data          0x00000000        0x4 c:/users/tommy/documents/bike stmproj/tools/gcc-arm-none-eabi-10.3-2021.10/bin/../lib/gcc/arm-none-eabi/10.3.1/thumb/v7e-m+fp/hard/crtbegin.o
 .rodata        0x00000000       0x24 c:/users/tommy/documents/bike stmproj/tools/gcc-arm-none-eabi-10.3-2021.10/bin/../lib/gcc/arm-none-eabi/10.3.1/thumb/v7e-m+fp/hard/crtbegin.o
 .text          0x00000000       0x7c c:/users/tommy/documents/bike stmproj/tools/gcc-arm-none-eabi-10.3-2021.10/bin/../lib/gcc/arm-none-eabi/10.3.1/../../../../arm-none-eabi/lib/thumb/v7e-m+fp/hard/crt0.o
 .data          0x00000000        0x0 c:/users/tommy/documents/bike stmproj/tools/gcc-arm-none-eabi-10.3-2021.10/bin/../lib/gcc/arm-none-eabi/10.3.1/../../../../arm-none-eabi/lib/thumb/v7e-m+fp/hard/crt0.o
 .bss           0x00000000        0x0 c:/users/tommy/documents/bike stmproj/tools/gcc-arm-none-eabi-10.3-2021.10/bin/../lib/gcc/arm-none-eabi/10.3.1/../../../../arm-none-eabi/lib/thumb/v7e-m+fp/hard/crt0.o
 .ARM.extab     0x00000000        0x0 c:/users/tommy/documents/bike stmproj/tools/gcc-arm-none-eabi-10.3-2021.10/bin/../lib/gcc/arm-none-eabi/10.3.1/../../../../arm-none-eabi/lib/thumb/v7e-m+fp/hard/crt0.o
 .ARM.exidx     0x00000000       0x10 c:/users/tommy/documents/bike stmproj/tools/gcc-arm-none-eabi-10.3-2021.10/bin/../lib/gcc/arm-none-eabi/10.3.1/../../../../arm-none-eabi/lib/thumb/v7e-m+fp/hard/crt0.o
 .ARM.attributes
                0x00000000       0x1c c:/users/tommy/documents/bike stmproj/tools/gcc-arm-none-eabi-10.3-2021.10/bin/../lib/gcc/arm-none-eabi/10.3.1/../../../../arm-none-eabi/lib/thumb/v7e-m+fp/hard/crt0.o
 .text          0x00000000        0x0 build/main.o
 .data          0x00000000        0x0 build/main.o
 .bss           0x00000000        0x0 build/main.o
 .text.MX_GPIO_Init
                0x00000000       0x80 build/main.o
 .text.Error_Handler
                0x00000000        0x4 build/main.o
 .text.SystemClock_Config
                0x00000000       0xa4 build/main.o
 .text.main     0x00000000       0x10 build/main.o
 .debug_info    0x00000000      0x83e build/main.o
 .debug_abbrev  0x00000000      0x1fd build/main.o
 .debug_loc     0x00000000       0x9e build/main.o
 .debug_aranges
                0x00000000       0x38 build/main.o
 .debug_ranges  0x00000000       0x28 build/main.o
 .debug_line    0x00000000      0x38e build/main.o
 .debug_str     0x00000000      0x530 build/main.o
 .comment       0x00000000       0x4a build/main.o
 .debug_frame   0x00000000       0x78 build/main.o
 .ARM.attributes
                0x00000000       0x34 build/main.o
 .text          0x00000000        0x0 build/stm32f4xx_it.o
 .data          0x00000000        0x0 build/stm32f4xx_it.o
 .bss           0x00000000        0x0 build/stm32f4xx_it.o
 .text.NMI_Handler
                0x00000000        0x2 build/stm32f4xx_it.o
 .text.HardFault_Handler
                0x00000000        0x2 build/stm32f4xx_it.o
 .text.MemManage_Handler
                0x00000000        0x2 build/stm32f4xx_it.o
 .text.BusFault_Handler
                0x00000000        0x2 build/stm32f4xx_it.o
 .text.UsageFault_Handler
                0x00000000        0x2 build/stm32f4xx_it.o
 .text.SVC_Handler
                0x00000000        0x2 build/stm32f4xx_it.o
 .text.DebugMon_Handler
                0x00000000        0x2 build/stm32f4xx_it.o
 .text.PendSV_Handler
                0x00000000        0x2 build/stm32f4xx_it.o
 .text.SysTick_Handler
                0x00000000        0x8 build/stm32f4xx_it.o
 .debug_info    0x00000000      0x15a build/stm32f4xx_it.o
 .debug_abbrev  0x00000000       0x81 build/stm32f4xx_it.o
 .debug_loc     0x00000000       0x20 build/stm32f4xx_it.o
 .debug_aranges
                0x00000000       0x60 build/stm32f4xx_it.o
 .debug_ranges  0x00000000       0x50 build/stm32f4xx_it.o
 .debug_line    0x00000000      0x179 build/stm32f4xx_it.o
 .debug_str     0x00000000      0x214 build/stm32f4xx_it.o
 .comment       0x00000000       0x4a build/stm32f4xx_it.o
 .debug_frame   0x00000000       0xa8 build/stm32f4xx_it.o
 .ARM.attributes
                0x00000000       0x34 build/stm32f4xx_it.o
 .text          0x00000000        0x0 build/stm32f4xx_hal_msp.o
 .data          0x00000000        0x0 build/stm32f4xx_hal_msp.o
 .bss           0x00000000        0x0 build/stm32f4xx_hal_msp.o
 .text.HAL_MspInit
                0x00000000       0x38 build/stm32f4xx_hal_msp.o
 .debug_info    0x00000000      0x31d build/stm32f4xx_hal_msp.o
 .debug_abbrev  0x00000000       0xd3 build/stm32f4xx_hal_msp.o
 .debug_loc     0x00000000       0x2c build/stm32f4xx_hal_msp.o
 .debug_aranges
                0x00000000       0x20 build/stm32f4xx_hal_msp.o
 .debug_ranges  0x00000000       0x10 build/stm32f4xx_hal_msp.o
 .debug_line    0x00000000      0x18a build/stm32f4xx_hal_msp.o
 .debug_str     0x00000000      0x2b2 build/stm32f4xx_hal_msp.o
 .comment       0x00000000       0x4a build/stm32f4xx_hal_msp.o
 .debug_frame   0x00000000       0x28 build/stm32f4xx_hal_msp.o
 .ARM.attributes
                0x00000000       0x34 build/stm32f4xx_hal_msp.o
 .text          0x00000000        0x0 build/stm32f4xx_hal_rcc.o
 .data          0x00000000        0x0 build/stm32f4xx_hal_rcc.o
 .bss           0x00000000        0x0 build/stm32f4xx_hal_rcc.o
 .text.HAL_RCC_DeInit
                0x00000000        0x4 build/stm32f4xx_hal_rcc.o
 .text.HAL_RCC_OscConfig
                0x00000000      0x3f8 build/stm32f4xx_hal_rcc.o
 .text.HAL_RCC_MCOConfig
                0x00000000       0x9c build/stm32f4xx_hal_rcc.o
 .text.HAL_RCC_EnableCSS
                0x00000000        0xc build/stm32f4xx_hal_rcc.o
 .text.HAL_RCC_DisableCSS
                0x00000000        0xc build/stm32f4xx_hal_rcc.o
 .text.HAL_RCC_GetSysClockFreq
                0x00000000       0xa4 build/stm32f4xx_hal_rcc.o
 .text.HAL_RCC_ClockConfig
                0x00000000      0x160 build/stm32f4xx_hal_rcc.o
 .text.HAL_RCC_GetHCLKFreq
                0x00000000        0xc build/stm32f4xx_hal_rcc.o
 .text.HAL_RCC_GetPCLK1Freq
                0x00000000       0x20 build/stm32f4xx_hal_rcc.o
 .text.HAL_RCC_GetPCLK2Freq
                0x00000000       0x20 build/stm32f4xx_hal_rcc.o
 .text.HAL_RCC_GetOscConfig
                0x00000000       0xcc build/stm32f4xx_hal_rcc.o
 .text.HAL_RCC_GetClockConfig
                0x00000000       0x3c build/stm32f4xx_hal_rcc.o
 .text.HAL_RCC_CSSCallback
                0x00000000        0x2 build/stm32f4xx_hal_rcc.o
 .text.HAL_RCC_NMI_IRQHandler
                0x00000000       0x20 build/stm32f4xx_hal_rcc.o
 .debug_info    0x00000000      0xc13 build/stm32f4xx_hal_rcc.o
 .debug_abbrev  0x00000000      0x2aa build/stm32f4xx_hal_rcc.o
 .debug_loc     0x00000000      0x6e4 build/stm32f4xx_hal_rcc.o
 .debug_aranges
                0x00000000       0x88 build/stm32f4xx_hal_rcc.o
 .debug_ranges  0x00000000       0x90 build/stm32f4xx_hal_rcc.o
 .debug_line    0x00000000      0xb78 build/stm32f4xx_hal_rcc.o
 .debug_str     0x00000000      0x6fd build/stm32f4xx_hal_rcc.o
 .comment       0x00000000       0x4a build/stm32f4xx_hal_rcc.o
 .debug_frame   0x00000000      0x16c build/stm32f4xx_hal_rcc.o
 .ARM.attributes
                0x00000000       0x34 build/stm32f4xx_hal_rcc.o
 .text          0x00000000        0x0 build/stm32f4xx_hal_rcc_ex.o
 .data          0x00000000        0x0 build/stm32f4xx_hal_rcc_ex.o
 .bss           0x00000000        0x0 build/stm32f4xx_hal_rcc_ex.o
 .text.HAL_RCCEx_PeriphCLKConfig
                0x00000000      0x170 build/stm32f4xx_hal_rcc_ex.o
 .text.HAL_RCCEx_GetPeriphCLKConfig
                0x00000000       0x50 build/stm32f4xx_hal_rcc_ex.o
 .text.HAL_RCCEx_GetPeriphCLKFreq
                0x00000000       0x74 build/stm32f4xx_hal_rcc_ex.o
 .text.HAL_RCCEx_SelectLSEMode
                0x00000000       0x20 build/stm32f4xx_hal_rcc_ex.o
 .text.HAL_RCCEx_EnablePLLI2S
                0x00000000       0x6c build/stm32f4xx_hal_rcc_ex.o
 .text.HAL_RCCEx_DisablePLLI2S
                0x00000000       0x34 build/stm32f4xx_hal_rcc_ex.o
 .text.HAL_RCC_DeInit
                0x00000000      0x13c build/stm32f4xx_hal_rcc_ex.o
 .debug_info    0x00000000      0x775 build/stm32f4xx_hal_rcc_ex.o
 .debug_abbrev  0x00000000      0x1a1 build/stm32f4xx_hal_rcc_ex.o
 .debug_loc     0x00000000      0x477 build/stm32f4xx_hal_rcc_ex.o
 .debug_aranges
                0x00000000       0x50 build/stm32f4xx_hal_rcc_ex.o
 .debug_ranges  0x00000000       0x40 build/stm32f4xx_hal_rcc_ex.o
 .debug_line    0x00000000      0x68b build/stm32f4xx_hal_rcc_ex.o
 .debug_str     0x00000000      0x4f4 build/stm32f4xx_hal_rcc_ex.o
 .comment       0x00000000       0x4a build/stm32f4xx_hal_rcc_ex.o
 .debug_frame   0x00000000       0xb0 build/stm32f4xx_hal_rcc_ex.o
 .ARM.attributes
                0x00000000       0x34 build/stm32f4xx_hal_rcc_ex.o
 .text          0x00000000        0x0 build/stm32f4xx_hal_flash.o
 .data          0x00000000        0x0 build/stm32f4xx_hal_flash.o
 .bss           0x00000000        0x0 build/stm32f4xx_hal_flash.o
 .text.FLASH_Program_DoubleWord
                0x00000000       0x30 build/stm32f4xx_hal_flash.o
 .text.FLASH_Program_Word
                0x00000000       0x24 build/stm32f4xx_hal_flash.o
 .text.FLASH_Program_HalfWord
                0x00000000       0x24 build/stm32f4xx_hal_flash.o
 .text.FLASH_Program_Byte
                0x00000000       0x20 build/stm32f4xx_hal_flash.o
 .text.FLASH_SetErrorCode
                0x00000000       0xa8 build/stm32f4xx_hal_flash.o
 .text.HAL_FLASH_Program_IT
                0x00000000       0x54 build/stm32f4xx_hal_flash.o
 .text.HAL_FLASH_EndOfOperationCallback
                0x00000000        0x2 build/stm32f4xx_hal_flash.o
 .text.HAL_FLASH_OperationErrorCallback
                0x00000000        0x2 build/stm32f4xx_hal_flash.o
 .text.HAL_FLASH_IRQHandler
                0x00000000       0xec build/stm32f4xx_hal_flash.o
 .text.HAL_FLASH_Unlock
                0x00000000       0x30 build/stm32f4xx_hal_flash.o
 .text.HAL_FLASH_Lock
                0x00000000       0x14 build/stm32f4xx_hal_flash.o
 .text.HAL_FLASH_OB_Unlock
                0x00000000       0x28 build/stm32f4xx_hal_flash.o
 .text.HAL_FLASH_OB_Lock
                0x00000000       0x14 build/stm32f4xx_hal_flash.o
 .text.HAL_FLASH_GetError
                0x00000000        0xc build/stm32f4xx_hal_flash.o
 .text.FLASH_WaitForLastOperation
                0x00000000       0x60 build/stm32f4xx_hal_flash.o
 .text.HAL_FLASH_Program
                0x00000000       0x7c build/stm32f4xx_hal_flash.o
 .text.HAL_FLASH_OB_Launch
                0x00000000       0x1c build/stm32f4xx_hal_flash.o
 .bss.pFlash    0x00000000       0x20 build/stm32f4xx_hal_flash.o
 .debug_info    0x00000000      0x7c4 build/stm32f4xx_hal_flash.o
 .debug_abbrev  0x00000000      0x2c6 build/stm32f4xx_hal_flash.o
 .debug_loc     0x00000000      0x43f build/stm32f4xx_hal_flash.o
 .debug_aranges
                0x00000000       0xa0 build/stm32f4xx_hal_flash.o
 .debug_ranges  0x00000000       0x90 build/stm32f4xx_hal_flash.o
 .debug_line    0x00000000      0x74e build/stm32f4xx_hal_flash.o
 .debug_str     0x00000000      0x52f build/stm32f4xx_hal_flash.o
 .comment       0x00000000       0x4a build/stm32f4xx_hal_flash.o
 .debug_frame   0x00000000      0x164 build/stm32f4xx_hal_flash.o
 .ARM.attributes
                0x00000000       0x34 build/stm32f4xx_hal_flash.o
 .text          0x00000000        0x0 build/stm32f4xx_hal_flash_ex.o
 .data          0x00000000        0x0 build/stm32f4xx_hal_flash_ex.o
 .bss           0x00000000        0x0 build/stm32f4xx_hal_flash_ex.o
 .text.FLASH_MassErase
                0x00000000       0x24 build/stm32f4xx_hal_flash_ex.o
 .text.FLASH_OB_BOR_LevelConfig
                0x00000000       0x18 build/stm32f4xx_hal_flash_ex.o
 .text.FLASH_OB_GetUser
                0x00000000       0x10 build/stm32f4xx_hal_flash_ex.o
 .text.FLASH_OB_GetWRP
                0x00000000        0xc build/stm32f4xx_hal_flash_ex.o
 .text.FLASH_OB_GetRDP
                0x00000000       0x1c build/stm32f4xx_hal_flash_ex.o
 .text.FLASH_OB_GetBOR
                0x00000000       0x10 build/stm32f4xx_hal_flash_ex.o
 .text.FLASH_OB_EnableWRP
                0x00000000       0x20 build/stm32f4xx_hal_flash_ex.o
 .text.FLASH_OB_DisableWRP
                0x00000000       0x20 build/stm32f4xx_hal_flash_ex.o
 .text.FLASH_OB_RDP_LevelConfig
                0x00000000       0x18 build/stm32f4xx_hal_flash_ex.o
 .text.FLASH_OB_UserConfig
                0x00000000       0x2c build/stm32f4xx_hal_flash_ex.o
 .text.FLASH_OB_EnablePCROP
                0x00000000       0x20 build/stm32f4xx_hal_flash_ex.o
 .text.FLASH_OB_DisablePCROP
                0x00000000       0x20 build/stm32f4xx_hal_flash_ex.o
 .text.HAL_FLASHEx_OBProgram
                0x00000000       0x84 build/stm32f4xx_hal_flash_ex.o
 .text.HAL_FLASHEx_OBGetConfig
                0x00000000       0x22 build/stm32f4xx_hal_flash_ex.o
 .text.HAL_FLASHEx_AdvOBProgram
                0x00000000       0x24 build/stm32f4xx_hal_flash_ex.o
 .text.HAL_FLASHEx_AdvOBGetConfig
                0x00000000        0xc build/stm32f4xx_hal_flash_ex.o
 .text.HAL_FLASHEx_OB_SelectPCROP
                0x00000000       0x14 build/stm32f4xx_hal_flash_ex.o
 .text.HAL_FLASHEx_OB_DeSelectPCROP
                0x00000000       0x14 build/stm32f4xx_hal_flash_ex.o
 .text.FLASH_Erase_Sector
                0x00000000       0x54 build/stm32f4xx_hal_flash_ex.o
 .text.HAL_FLASHEx_Erase_IT
                0x00000000       0x58 build/stm32f4xx_hal_flash_ex.o
 .text.FLASH_FlushCaches
                0x00000000       0x60 build/stm32f4xx_hal_flash_ex.o
 .text.HAL_FLASHEx_Erase
                0x00000000       0x94 build/stm32f4xx_hal_flash_ex.o
 .debug_info    0x00000000      0xab6 build/stm32f4xx_hal_flash_ex.o
 .debug_abbrev  0x00000000      0x2b2 build/stm32f4xx_hal_flash_ex.o
 .debug_loc     0x00000000      0x863 build/stm32f4xx_hal_flash_ex.o
 .debug_aranges
                0x00000000       0xc8 build/stm32f4xx_hal_flash_ex.o
 .debug_ranges  0x00000000       0xb8 build/stm32f4xx_hal_flash_ex.o
 .debug_line    0x00000000      0x825 build/stm32f4xx_hal_flash_ex.o
 .debug_str     0x00000000      0x652 build/stm32f4xx_hal_flash_ex.o
 .comment       0x00000000       0x4a build/stm32f4xx_hal_flash_ex.o
 .debug_frame   0x00000000      0x1dc build/stm32f4xx_hal_flash_ex.o
 .ARM.attributes
                0x00000000       0x34 build/stm32f4xx_hal_flash_ex.o
 .text          0x00000000        0x0 build/stm32f4xx_hal_flash_ramfunc.o
 .data          0x00000000        0x0 build/stm32f4xx_hal_flash_ramfunc.o
 .bss           0x00000000        0x0 build/stm32f4xx_hal_flash_ramfunc.o
 .RamFunc       0x00000000       0xc0 build/stm32f4xx_hal_flash_ramfunc.o
 .debug_info    0x00000000      0x419 build/stm32f4xx_hal_flash_ramfunc.o
 .debug_abbrev  0x00000000      0x104 build/stm32f4xx_hal_flash_ramfunc.o
 .debug_loc     0x00000000       0xb0 build/stm32f4xx_hal_flash_ramfunc.o
 .debug_aranges
                0x00000000       0x38 build/stm32f4xx_hal_flash_ramfunc.o
 .debug_ranges  0x00000000       0x28 build/stm32f4xx_hal_flash_ramfunc.o
 .debug_line    0x00000000      0x22c build/stm32f4xx_hal_flash_ramfunc.o
 .debug_str     0x00000000      0x394 build/stm32f4xx_hal_flash_ramfunc.o
 .comment       0x00000000       0x4a build/stm32f4xx_hal_flash_ramfunc.o
 .debug_frame   0x00000000       0x70 build/stm32f4xx_hal_flash_ramfunc.o
 .ARM.attributes
                0x00000000       0x34 build/stm32f4xx_hal_flash_ramfunc.o
 .text          0x00000000        0x0 build/stm32f4xx_hal_gpio.o
 .data          0x00000000        0x0 build/stm32f4xx_hal_gpio.o
 .bss           0x00000000        0x0 build/stm32f4xx_hal_gpio.o
 .text.HAL_GPIO_Init
                0x00000000      0x1c0 build/stm32f4xx_hal_gpio.o
 .text.HAL_GPIO_DeInit
                0x00000000      0x110 build/stm32f4xx_hal_gpio.o
 .text.HAL_GPIO_ReadPin
                0x00000000        0xe build/stm32f4xx_hal_gpio.o
 .text.HAL_GPIO_WritePin
                0x00000000        0xc build/stm32f4xx_hal_gpio.o
 .text.HAL_GPIO_TogglePin
                0x00000000       0x12 build/stm32f4xx_hal_gpio.o
 .text.HAL_GPIO_LockPin
                0x00000000       0x2e build/stm32f4xx_hal_gpio.o
 .text.HAL_GPIO_EXTI_Callback
                0x00000000        0x2 build/stm32f4xx_hal_gpio.o
 .text.HAL_GPIO_EXTI_IRQHandler
                0x00000000       0x1c build/stm32f4xx_hal_gpio.o
 .debug_info    0x00000000      0x872 build/stm32f4xx_hal_gpio.o
 .debug_abbrev  0x00000000      0x22b build/stm32f4xx_hal_gpio.o
 .debug_loc     0x00000000      0x5e8 build/stm32f4xx_hal_gpio.o
 .debug_aranges
                0x00000000       0x58 build/stm32f4xx_hal_gpio.o
 .debug_ranges  0x00000000       0x48 build/stm32f4xx_hal_gpio.o
 .debug_line    0x00000000      0x6f3 build/stm32f4xx_hal_gpio.o
 .debug_str     0x00000000      0x4d7 build/stm32f4xx_hal_gpio.o
 .comment       0x00000000       0x4a build/stm32f4xx_hal_gpio.o
 .debug_frame   0x00000000       0xd8 build/stm32f4xx_hal_gpio.o
 .ARM.attributes
                0x00000000       0x34 build/stm32f4xx_hal_gpio.o
 .text          0x00000000        0x0 build/stm32f4xx_hal_dma_ex.o
 .data          0x00000000        0x0 build/stm32f4xx_hal_dma_ex.o
 .bss           0x00000000        0x0 build/stm32f4xx_hal_dma_ex.o
 .text.DMA_MultiBufferSetConfig
                0x00000000       0x24 build/stm32f4xx_hal_dma_ex.o
 .text.HAL_DMAEx_MultiBufferStart
                0x00000000       0x5e build/stm32f4xx_hal_dma_ex.o
 .text.HAL_DMAEx_MultiBufferStart_IT
                0x00000000      0xf00 build/stm32f4xx_hal_dma_ex.o
 .text.HAL_DMAEx_ChangeMemory
                0x00000000       0x10 build/stm32f4xx_hal_dma_ex.o
 .debug_info    0x00000000      0x5fd build/stm32f4xx_hal_dma_ex.o
 .debug_abbrev  0x00000000      0x1a7 build/stm32f4xx_hal_dma_ex.o
 .debug_loc     0x00000000      0x49a build/stm32f4xx_hal_dma_ex.o
 .debug_aranges
                0x00000000       0x38 build/stm32f4xx_hal_dma_ex.o
 .debug_ranges  0x00000000       0x28 build/stm32f4xx_hal_dma_ex.o
 .debug_line    0x00000000      0xa12 build/stm32f4xx_hal_dma_ex.o
 .debug_str     0x00000000      0x52e build/stm32f4xx_hal_dma_ex.o
 .comment       0x00000000       0x4a build/stm32f4xx_hal_dma_ex.o
 .debug_frame   0x00000000       0x74 build/stm32f4xx_hal_dma_ex.o
 .ARM.attributes
                0x00000000       0x34 build/stm32f4xx_hal_dma_ex.o
 .text          0x00000000        0x0 build/stm32f4xx_hal_dma.o
 .data          0x00000000        0x0 build/stm32f4xx_hal_dma.o
 .bss           0x00000000        0x0 build/stm32f4xx_hal_dma.o
 .text.DMA_SetConfig
                0x00000000       0x2c build/stm32f4xx_hal_dma.o
 .text.DMA_CalcBaseAndBitshift
                0x00000000       0x44 build/stm32f4xx_hal_dma.o
 .text.DMA_CheckFifoParam
                0x00000000       0x8e build/stm32f4xx_hal_dma.o
 .text.HAL_DMA_Init
                0x00000000       0xcc build/stm32f4xx_hal_dma.o
 .text.HAL_DMA_DeInit
                0x00000000       0x64 build/stm32f4xx_hal_dma.o
 .text.HAL_DMA_Start
                0x00000000       0x48 build/stm32f4xx_hal_dma.o
 .text.HAL_DMA_Start_IT
                0x00000000       0x6a build/stm32f4xx_hal_dma.o
 .text.HAL_DMA_Abort
                0x00000000       0x94 build/stm32f4xx_hal_dma.o
 .text.HAL_DMA_Abort_IT
                0x00000000       0x26 build/stm32f4xx_hal_dma.o
 .text.HAL_DMA_PollForTransfer
                0x00000000      0x128 build/stm32f4xx_hal_dma.o
 .text.HAL_DMA_IRQHandler
                0x00000000      0x1dc build/stm32f4xx_hal_dma.o
 .text.HAL_DMA_RegisterCallback
                0x00000000       0x5a build/stm32f4xx_hal_dma.o
 .text.HAL_DMA_UnRegisterCallback
                0x00000000       0x6e build/stm32f4xx_hal_dma.o
 .text.HAL_DMA_GetState
                0x00000000        0x6 build/stm32f4xx_hal_dma.o
 .text.HAL_DMA_GetError
                0x00000000        0x4 build/stm32f4xx_hal_dma.o
 .rodata.flagBitshiftOffset.0
                0x00000000        0x8 build/stm32f4xx_hal_dma.o
 .debug_info    0x00000000      0xbc9 build/stm32f4xx_hal_dma.o
 .debug_abbrev  0x00000000      0x2bf build/stm32f4xx_hal_dma.o
 .debug_loc     0x00000000      0xd6d build/stm32f4xx_hal_dma.o
 .debug_aranges
                0x00000000       0x90 build/stm32f4xx_hal_dma.o
 .debug_ranges  0x00000000       0x80 build/stm32f4xx_hal_dma.o
 .debug_line    0x00000000      0xe55 build/stm32f4xx_hal_dma.o
 .debug_str     0x00000000      0x75b build/stm32f4xx_hal_dma.o
 .comment       0x00000000       0x4a build/stm32f4xx_hal_dma.o
 .debug_frame   0x00000000      0x188 build/stm32f4xx_hal_dma.o
 .ARM.attributes
                0x00000000       0x34 build/stm32f4xx_hal_dma.o
 .text          0x00000000        0x0 build/stm32f4xx_hal_pwr.o
 .data          0x00000000        0x0 build/stm32f4xx_hal_pwr.o
 .bss           0x00000000        0x0 build/stm32f4xx_hal_pwr.o
 .text.HAL_PWR_DeInit
                0x00000000       0x18 build/stm32f4xx_hal_pwr.o
 .text.HAL_PWR_EnableBkUpAccess
                0x00000000       0x1c build/stm32f4xx_hal_pwr.o
 .text.HAL_PWR_DisableBkUpAccess
                0x00000000       0x1c build/stm32f4xx_hal_pwr.o
 .text.HAL_PWR_ConfigPVD
                0x00000000       0x84 build/stm32f4xx_hal_pwr.o
 .text.HAL_PWR_EnablePVD
                0x00000000        0xc build/stm32f4xx_hal_pwr.o
 .text.HAL_PWR_DisablePVD
                0x00000000        0xc build/stm32f4xx_hal_pwr.o
 .text.HAL_PWR_EnableWakeUpPin
                0x00000000       0x10 build/stm32f4xx_hal_pwr.o
 .text.HAL_PWR_DisableWakeUpPin
                0x00000000       0x10 build/stm32f4xx_hal_pwr.o
 .text.HAL_PWR_EnterSLEEPMode
                0x00000000       0x24 build/stm32f4xx_hal_pwr.o
 .text.HAL_PWR_EnterSTOPMode
                0x00000000       0x3c build/stm32f4xx_hal_pwr.o
 .text.HAL_PWR_EnterSTANDBYMode
                0x00000000       0x20 build/stm32f4xx_hal_pwr.o
 .text.HAL_PWR_PVDCallback
                0x00000000        0x2 build/stm32f4xx_hal_pwr.o
 .text.HAL_PWR_PVD_IRQHandler
                0x00000000       0x20 build/stm32f4xx_hal_pwr.o
 .text.HAL_PWR_EnableSleepOnExit
                0x00000000       0x10 build/stm32f4xx_hal_pwr.o
 .text.HAL_PWR_DisableSleepOnExit
                0x00000000       0x10 build/stm32f4xx_hal_pwr.o
 .text.HAL_PWR_EnableSEVOnPend
                0x00000000       0x10 build/stm32f4xx_hal_pwr.o
 .text.HAL_PWR_DisableSEVOnPend
                0x00000000       0x10 build/stm32f4xx_hal_pwr.o
 .debug_info    0x00000000      0x822 build/stm32f4xx_hal_pwr.o
 .debug_abbrev  0x00000000      0x1af build/stm32f4xx_hal_pwr.o
 .debug_loc     0x00000000       0x78 build/stm32f4xx_hal_pwr.o
 .debug_aranges
                0x00000000       0xa0 build/stm32f4xx_hal_pwr.o
 .debug_ranges  0x00000000       0x90 build/stm32f4xx_hal_pwr.o
 .debug_line    0x00000000      0x43a build/stm32f4xx_hal_pwr.o
 .debug_str     0x00000000      0x538 build/stm32f4xx_hal_pwr.o
 .comment       0x00000000       0x4a build/stm32f4xx_hal_pwr.o
 .debug_frame   0x00000000      0x138 build/stm32f4xx_hal_pwr.o
 .ARM.attributes
                0x00000000       0x34 build/stm32f4xx_hal_pwr.o
 .text          0x00000000        0x0 build/stm32f4xx_hal_pwr_ex.o
 .data          0x00000000        0x0 build/stm32f4xx_hal_pwr_ex.o
 .bss           0x00000000        0x0 build/stm32f4xx_hal_pwr_ex.o
 .text.HAL_PWREx_EnableBkUpReg
                0x00000000       0x38 build/stm32f4xx_hal_pwr_ex.o
 .text.HAL_PWREx_DisableBkUpReg
                0x00000000       0x38 build/stm32f4xx_hal_pwr_ex.o
 .text.HAL_PWREx_EnableFlashPowerDown
                0x00000000        0xc build/stm32f4xx_hal_pwr_ex.o
 .text.HAL_PWREx_DisableFlashPowerDown
                0x00000000        0xc build/stm32f4xx_hal_pwr_ex.o
 .text.HAL_PWREx_GetVoltageRange
                0x00000000       0x10 build/stm32f4xx_hal_pwr_ex.o
 .text.HAL_PWREx_ControlVoltageScaling
                0x00000000       0xc0 build/stm32f4xx_hal_pwr_ex.o
 .text.HAL_PWREx_EnableMainRegulatorLowVoltage
                0x00000000        0xc build/stm32f4xx_hal_pwr_ex.o
 .text.HAL_PWREx_DisableMainRegulatorLowVoltage
                0x00000000        0xc build/stm32f4xx_hal_pwr_ex.o
 .text.HAL_PWREx_EnableLowRegulatorLowVoltage
                0x00000000        0xc build/stm32f4xx_hal_pwr_ex.o
 .text.HAL_PWREx_DisableLowRegulatorLowVoltage
                0x00000000        0xc build/stm32f4xx_hal_pwr_ex.o
 .debug_info    0x00000000      0x580 build/stm32f4xx_hal_pwr_ex.o
 .debug_abbrev  0x00000000      0x1bc build/stm32f4xx_hal_pwr_ex.o
 .debug_loc     0x00000000      0x199 build/stm32f4xx_hal_pwr_ex.o
 .debug_aranges
                0x00000000       0x68 build/stm32f4xx_hal_pwr_ex.o
 .debug_ranges  0x00000000       0x58 build/stm32f4xx_hal_pwr_ex.o
 .debug_line    0x00000000      0x3e1 build/stm32f4xx_hal_pwr_ex.o
 .debug_str     0x00000000      0x49b build/stm32f4xx_hal_pwr_ex.o
 .comment       0x00000000       0x4a build/stm32f4xx_hal_pwr_ex.o
 .debug_frame   0x00000000       0xd0 build/stm32f4xx_hal_pwr_ex.o
 .ARM.attributes
                0x00000000       0x34 build/stm32f4xx_hal_pwr_ex.o
 .text          0x00000000        0x0 build/stm32f4xx_hal_cortex.o
 .data          0x00000000        0x0 build/stm32f4xx_hal_cortex.o
 .bss           0x00000000        0x0 build/stm32f4xx_hal_cortex.o
 .text.HAL_NVIC_SetPriorityGrouping
                0x00000000       0x24 build/stm32f4xx_hal_cortex.o
 .text.HAL_NVIC_SetPriority
                0x00000000       0x70 build/stm32f4xx_hal_cortex.o
 .text.HAL_NVIC_EnableIRQ
                0x00000000       0x1c build/stm32f4xx_hal_cortex.o
 .text.HAL_NVIC_DisableIRQ
                0x00000000       0x24 build/stm32f4xx_hal_cortex.o
 .text.HAL_NVIC_SystemReset
                0x00000000       0x24 build/stm32f4xx_hal_cortex.o
 .text.HAL_SYSTICK_Config
                0x00000000       0x28 build/stm32f4xx_hal_cortex.o
 .text.HAL_MPU_Disable
                0x00000000       0x1c build/stm32f4xx_hal_cortex.o
 .text.HAL_MPU_Enable
                0x00000000       0x20 build/stm32f4xx_hal_cortex.o
 .text.HAL_MPU_EnableRegion
                0x00000000       0x18 build/stm32f4xx_hal_cortex.o
 .text.HAL_MPU_DisableRegion
                0x00000000       0x18 build/stm32f4xx_hal_cortex.o
 .text.HAL_MPU_ConfigRegion
                0x00000000       0x58 build/stm32f4xx_hal_cortex.o
 .text.HAL_CORTEX_ClearEvent
                0x00000000        0x6 build/stm32f4xx_hal_cortex.o
 .text.HAL_NVIC_GetPriorityGrouping
                0x00000000       0x10 build/stm32f4xx_hal_cortex.o
 .text.HAL_NVIC_GetPriority
                0x00000000       0x60 build/stm32f4xx_hal_cortex.o
 .text.HAL_NVIC_SetPendingIRQ
                0x00000000       0x1c build/stm32f4xx_hal_cortex.o
 .text.HAL_NVIC_GetPendingIRQ
                0x00000000       0x24 build/stm32f4xx_hal_cortex.o
 .text.HAL_NVIC_ClearPendingIRQ
                0x00000000       0x1c build/stm32f4xx_hal_cortex.o
 .text.HAL_NVIC_GetActive
                0x00000000       0x24 build/stm32f4xx_hal_cortex.o
 .text.HAL_SYSTICK_CLKSourceConfig
                0x00000000       0x20 build/stm32f4xx_hal_cortex.o
 .text.HAL_SYSTICK_Callback
                0x00000000        0x2 build/stm32f4xx_hal_cortex.o
 .text.HAL_SYSTICK_IRQHandler
                0x00000000        0x8 build/stm32f4xx_hal_cortex.o
 .debug_info    0x00000000     0x1136 build/stm32f4xx_hal_cortex.o
 .debug_abbrev  0x00000000      0x379 build/stm32f4xx_hal_cortex.o
 .debug_loc     0x00000000      0x7a4 build/stm32f4xx_hal_cortex.o
 .debug_aranges
                0x00000000       0xc0 build/stm32f4xx_hal_cortex.o
 .debug_ranges  0x00000000      0x110 build/stm32f4xx_hal_cortex.o
 .debug_line    0x00000000      0x7dc build/stm32f4xx_hal_cortex.o
 .debug_str     0x00000000      0xb02 build/stm32f4xx_hal_cortex.o
 .comment       0x00000000       0x4a build/stm32f4xx_hal_cortex.o
 .debug_frame   0x00000000      0x178 build/stm32f4xx_hal_cortex.o
 .ARM.attributes
                0x00000000       0x34 build/stm32f4xx_hal_cortex.o
 .text          0x00000000        0x0 build/stm32f4xx_hal.o
 .data          0x00000000        0x0 build/stm32f4xx_hal.o
 .bss           0x00000000        0x0 build/stm32f4xx_hal.o
 .text.HAL_MspInit
                0x00000000        0x2 build/stm32f4xx_hal.o
 .text.HAL_MspDeInit
                0x00000000        0x2 build/stm32f4xx_hal.o
 .text.HAL_DeInit
                0x00000000       0x40 build/stm32f4xx_hal.o
 .text.HAL_InitTick
                0x00000000       0x4c build/stm32f4xx_hal.o
 .text.HAL_Init
                0x00000000       0x34 build/stm32f4xx_hal.o
 .text.HAL_IncTick
                0x00000000       0x18 build/stm32f4xx_hal.o
 .text.HAL_GetTick
                0x00000000        0xc build/stm32f4xx_hal.o
 .text.HAL_GetTickPrio
                0x00000000        0xc build/stm32f4xx_hal.o
 .text.HAL_SetTickFreq
                0x00000000       0x2c build/stm32f4xx_hal.o
 .text.HAL_GetTickFreq
                0x00000000        0xc build/stm32f4xx_hal.o
 .text.HAL_Delay
                0x00000000       0x28 build/stm32f4xx_hal.o
 .text.HAL_SuspendTick
                0x00000000        0xe build/stm32f4xx_hal.o
 .text.HAL_ResumeTick
                0x00000000        0xe build/stm32f4xx_hal.o
 .text.HAL_GetHalVersion
                0x00000000        0x8 build/stm32f4xx_hal.o
 .text.HAL_GetREVID
                0x00000000        0xc build/stm32f4xx_hal.o
 .text.HAL_GetDEVID
                0x00000000       0x10 build/stm32f4xx_hal.o
 .text.HAL_DBGMCU_EnableDBGSleepMode
                0x00000000       0x10 build/stm32f4xx_hal.o
 .text.HAL_DBGMCU_DisableDBGSleepMode
                0x00000000       0x10 build/stm32f4xx_hal.o
 .text.HAL_DBGMCU_EnableDBGStopMode
                0x00000000       0x10 build/stm32f4xx_hal.o
 .text.HAL_DBGMCU_DisableDBGStopMode
                0x00000000       0x10 build/stm32f4xx_hal.o
 .text.HAL_DBGMCU_EnableDBGStandbyMode
                0x00000000       0x10 build/stm32f4xx_hal.o
 .text.HAL_DBGMCU_DisableDBGStandbyMode
                0x00000000       0x10 build/stm32f4xx_hal.o
 .text.HAL_EnableCompensationCell
                0x00000000       0x10 build/stm32f4xx_hal.o
 .text.HAL_DisableCompensationCell
                0x00000000       0x10 build/stm32f4xx_hal.o
 .text.HAL_GetUIDw0
                0x00000000        0xc build/stm32f4xx_hal.o
 .text.HAL_GetUIDw1
                0x00000000        0xc build/stm32f4xx_hal.o
 .text.HAL_GetUIDw2
                0x00000000        0xc build/stm32f4xx_hal.o
 .bss.uwTick    0x00000000        0x4 build/stm32f4xx_hal.o
 .data.uwTickFreq
                0x00000000        0x1 build/stm32f4xx_hal.o
 .data.uwTickPrio
                0x00000000        0x4 build/stm32f4xx_hal.o
 .debug_info    0x00000000      0xa66 build/stm32f4xx_hal.o
 .debug_abbrev  0x00000000      0x23a build/stm32f4xx_hal.o
 .debug_loc     0x00000000      0x1e1 build/stm32f4xx_hal.o
 .debug_aranges
                0x00000000       0xf0 build/stm32f4xx_hal.o
 .debug_ranges  0x00000000       0xe0 build/stm32f4xx_hal.o
 .debug_line    0x00000000      0x595 build/stm32f4xx_hal.o
 .debug_str     0x00000000      0x9f9 build/stm32f4xx_hal.o
 .comment       0x00000000       0x4a build/stm32f4xx_hal.o
 .debug_frame   0x00000000      0x1ec build/stm32f4xx_hal.o
 .ARM.attributes
                0x00000000       0x34 build/stm32f4xx_hal.o
 .text          0x00000000        0x0 build/stm32f4xx_hal_exti.o
 .data          0x00000000        0x0 build/stm32f4xx_hal_exti.o
 .bss           0x00000000        0x0 build/stm32f4xx_hal_exti.o
 .text.HAL_EXTI_SetConfigLine
                0x00000000       0xd8 build/stm32f4xx_hal_exti.o
 .text.HAL_EXTI_GetConfigLine
                0x00000000       0xa8 build/stm32f4xx_hal_exti.o
 .text.HAL_EXTI_ClearConfigLine
                0x00000000       0x88 build/stm32f4xx_hal_exti.o
 .text.HAL_EXTI_RegisterCallback
                0x00000000        0xe build/stm32f4xx_hal_exti.o
 .text.HAL_EXTI_GetHandle
                0x00000000        0xc build/stm32f4xx_hal_exti.o
 .text.HAL_EXTI_IRQHandler
                0x00000000       0x24 build/stm32f4xx_hal_exti.o
 .text.HAL_EXTI_GetPending
                0x00000000       0x1c build/stm32f4xx_hal_exti.o
 .text.HAL_EXTI_ClearPending
                0x00000000       0x14 build/stm32f4xx_hal_exti.o
 .text.HAL_EXTI_GenerateSWI
                0x00000000       0x14 build/stm32f4xx_hal_exti.o
 .debug_info    0x00000000      0x60b build/stm32f4xx_hal_exti.o
 .debug_abbrev  0x00000000      0x211 build/stm32f4xx_hal_exti.o
 .debug_loc     0x00000000      0x550 build/stm32f4xx_hal_exti.o
 .debug_aranges
                0x00000000       0x60 build/stm32f4xx_hal_exti.o
 .debug_ranges  0x00000000       0x50 build/stm32f4xx_hal_exti.o
 .debug_line    0x00000000      0x609 build/stm32f4xx_hal_exti.o
 .debug_str     0x00000000      0x3c6 build/stm32f4xx_hal_exti.o
 .comment       0x00000000       0x4a build/stm32f4xx_hal_exti.o
 .debug_frame   0x00000000       0xe8 build/stm32f4xx_hal_exti.o
 .ARM.attributes
                0x00000000       0x34 build/stm32f4xx_hal_exti.o
 .text          0x00000000        0x0 build/system_stm32f4xx.o
 .data          0x00000000        0x0 build/system_stm32f4xx.o
 .bss           0x00000000        0x0 build/system_stm32f4xx.o
 .text.SystemInit
                0x00000000       0x14 build/system_stm32f4xx.o
 .text.SystemCoreClockUpdate
                0x00000000       0xa0 build/system_stm32f4xx.o
 .data.SystemCoreClock
                0x00000000        0x4 build/system_stm32f4xx.o
 .rodata.AHBPrescTable
                0x00000000       0x10 build/system_stm32f4xx.o
 .rodata.APBPrescTable
                0x00000000        0x8 build/system_stm32f4xx.o
 .debug_info    0x00000000      0x5e5 build/system_stm32f4xx.o
 .debug_abbrev  0x00000000      0x11b build/system_stm32f4xx.o
 .debug_loc     0x00000000      0x158 build/system_stm32f4xx.o
 .debug_aranges
                0x00000000       0x28 build/system_stm32f4xx.o
 .debug_ranges  0x00000000       0x18 build/system_stm32f4xx.o
 .debug_line    0x00000000      0x280 build/system_stm32f4xx.o
 .debug_str     0x00000000      0x36c build/system_stm32f4xx.o
 .comment       0x00000000       0x4a build/system_stm32f4xx.o
 .debug_frame   0x00000000       0x30 build/system_stm32f4xx.o
 .ARM.attributes
                0x00000000       0x34 build/system_stm32f4xx.o
 .text          0x00000000        0x0 build/sysmem.o
 .data          0x00000000        0x0 build/sysmem.o
 .bss           0x00000000        0x0 build/sysmem.o
 .text._sbrk    0x00000000       0x48 build/sysmem.o
 .bss.__sbrk_heap_end
                0x00000000        0x4 build/sysmem.o
 .debug_info    0x00000000      0x185 build/sysmem.o
 .debug_abbrev  0x00000000       0xea build/sysmem.o
 .debug_loc     0x00000000       0x84 build/sysmem.o
 .debug_aranges
                0x00000000       0x20 build/sysmem.o
 .debug_ranges  0x00000000       0x10 build/sysmem.o
 .debug_line    0x00000000      0x20a build/sysmem.o
 .debug_str     0x00000000      0x20a build/sysmem.o
 .comment       0x00000000       0x4a build/sysmem.o
 .debug_frame   0x00000000       0x28 build/sysmem.o
 .ARM.attributes
                0x00000000       0x34 build/sysmem.o
 .text          0x00000000        0x0 build/syscalls.o
 .data          0x00000000        0x0 build/syscalls.o
 .bss           0x00000000        0x0 build/syscalls.o
 .text.initialise_monitor_handles
                0x00000000        0x2 build/syscalls.o
 .text._getpid  0x00000000        0x4 build/syscalls.o
 .text._kill    0x00000000       0x10 build/syscalls.o
 .text._exit    0x00000000        0xc build/syscalls.o
 .text._read    0x00000000       0x20 build/syscalls.o
 .text._write   0x00000000       0x1c build/syscalls.o
 .text._close   0x00000000        0x6 build/syscalls.o
 .text._fstat   0x00000000        0xa build/syscalls.o
 .text._isatty  0x00000000        0x4 build/syscalls.o
 .text._lseek   0x00000000        0x4 build/syscalls.o
 .text._open    0x00000000        0xa build/syscalls.o
 .text._wait    0x00000000       0x10 build/syscalls.o
 .text._unlink  0x00000000       0x10 build/syscalls.o
 .text._times   0x00000000        0x6 build/syscalls.o
 .text._stat    0x00000000        0xa build/syscalls.o
 .text._link    0x00000000       0x10 build/syscalls.o
 .text._fork    0x00000000       0x10 build/syscalls.o
 .text._execve  0x00000000       0x10 build/syscalls.o
 .bss.__env     0x00000000        0x4 build/syscalls.o
 .data.environ  0x00000000        0x4 build/syscalls.o
 .debug_info    0x00000000      0x835 build/syscalls.o
 .debug_abbrev  0x00000000      0x1c4 build/syscalls.o
 .debug_loc     0x00000000      0x511 build/syscalls.o
 .debug_aranges
                0x00000000       0xa8 build/syscalls.o
 .debug_ranges  0x00000000       0x98 build/syscalls.o
 .debug_line    0x00000000      0x432 build/syscalls.o
 .debug_str     0x00000000      0x3de build/syscalls.o
 .comment       0x00000000       0x4a build/syscalls.o
 .debug_frame   0x00000000      0x190 build/syscalls.o
 .ARM.attributes
                0x00000000       0x34 build/syscalls.o
 .text          0x00000000        0x0 c:/users/tommy/documents/bike stmproj/tools/gcc-arm-none-eabi-10.3-2021.10/bin/../lib/gcc/arm-none-eabi/10.3.1/../../../../arm-none-eabi/lib/thumb/v7e-m+fp/hard\libc_nano.a(lib_a-errno.o)
 .data          0x00000000        0x0 c:/users/tommy/documents/bike stmproj/tools/gcc-arm-none-eabi-10.3-2021.10/bin/../lib/gcc/arm-none-eabi/10.3.1/../../../../arm-none-eabi/lib/thumb/v7e-m+fp/hard\libc_nano.a(lib_a-errno.o)
 .bss           0x00000000        0x0 c:/users/tommy/documents/bike stmproj/tools/gcc-arm-none-eabi-10.3-2021.10/bin/../lib/gcc/arm-none-eabi/10.3.1/../../../../arm-none-eabi/lib/thumb/v7e-m+fp/hard\libc_nano.a(lib_a-errno.o)
 .text.__errno  0x00000000        0xc c:/users/tommy/documents/bike stmproj/tools/gcc-arm-none-eabi-10.3-2021.10/bin/../lib/gcc/arm-none-eabi/10.3.1/../../../../arm-none-eabi/lib/thumb/v7e-m+fp/hard\libc_nano.a(lib_a-errno.o)
 .debug_frame   0x00000000       0x20 c:/users/tommy/documents/bike stmproj/tools/gcc-arm-none-eabi-10.3-2021.10/bin/../lib/gcc/arm-none-eabi/10.3.1/../../../../arm-none-eabi/lib/thumb/v7e-m+fp/hard\libc_nano.a(lib_a-errno.o)
 .ARM.attributes
                0x00000000       0x34 c:/users/tommy/documents/bike stmproj/tools/gcc-arm-none-eabi-10.3-2021.10/bin/../lib/gcc/arm-none-eabi/10.3.1/../../../../arm-none-eabi/lib/thumb/v7e-m+fp/hard\libc_nano.a(lib_a-errno.o)
 .text          0x00000000        0x0 c:/users/tommy/documents/bike stmproj/tools/gcc-arm-none-eabi-10.3-2021.10/bin/../lib/gcc/arm-none-eabi/10.3.1/../../../../arm-none-eabi/lib/thumb/v7e-m+fp/hard\libc_nano.a(lib_a-exit.o)
 .data          0x00000000        0x0 c:/users/tommy/documents/bike stmproj/tools/gcc-arm-none-eabi-10.3-2021.10/bin/../lib/gcc/arm-none-eabi/10.3.1/../../../../arm-none-eabi/lib/thumb/v7e-m+fp/hard\libc_nano.a(lib_a-exit.o)
 .bss           0x00000000        0x0 c:/users/tommy/documents/bike stmproj/tools/gcc-arm-none-eabi-10.3-2021.10/bin/../lib/gcc/arm-none-eabi/10.3.1/../../../../arm-none-eabi/lib/thumb/v7e-m+fp/hard\libc_nano.a(lib_a-exit.o)
 .text.exit     0x00000000       0x28 c:/users/tommy/documents/bike stmproj/tools/gcc-arm-none-eabi-10.3-2021.10/bin/../lib/gcc/arm-none-eabi/10.3.1/../../../../arm-none-eabi/lib/thumb/v7e-m+fp/hard\libc_nano.a(lib_a-exit.o)
 .debug_frame   0x00000000       0x28 c:/users/tommy/documents/bike stmproj/tools/gcc-arm-none-eabi-10.3-2021.10/bin/../lib/gcc/arm-none-eabi/10.3.1/../../../../arm-none-eabi/lib/thumb/v7e-m+fp/hard\libc_nano.a(lib_a-exit.o)
 .ARM.attributes
                0x00000000       0x34 c:/users/tommy/documents/bike stmproj/tools/gcc-arm-none-eabi-10.3-2021.10/bin/../lib/gcc/arm-none-eabi/10.3.1/../../../../arm-none-eabi/lib/thumb/v7e-m+fp/hard\libc_nano.a(lib_a-exit.o)
 .text          0x00000000        0x0 c:/users/tommy/documents/bike stmproj/tools/gcc-arm-none-eabi-10.3-2021.10/bin/../lib/gcc/arm-none-eabi/10.3.1/../../../../arm-none-eabi/lib/thumb/v7e-m+fp/hard\libc_nano.a(lib_a-impure.o)
 .data          0x00000000        0x0 c:/users/tommy/documents/bike stmproj/tools/gcc-arm-none-eabi-10.3-2021.10/bin/../lib/gcc/arm-none-eabi/10.3.1/../../../../arm-none-eabi/lib/thumb/v7e-m+fp/hard\libc_nano.a(lib_a-impure.o)
 .bss           0x00000000        0x0 c:/users/tommy/documents/bike stmproj/tools/gcc-arm-none-eabi-10.3-2021.10/bin/../lib/gcc/arm-none-eabi/10.3.1/../../../../arm-none-eabi/lib/thumb/v7e-m+fp/hard\libc_nano.a(lib_a-impure.o)
 .data._impure_ptr
                0x00000000        0x4 c:/users/tommy/documents/bike stmproj/tools/gcc-arm-none-eabi-10.3-2021.10/bin/../lib/gcc/arm-none-eabi/10.3.1/../../../../arm-none-eabi/lib/thumb/v7e-m+fp/hard\libc_nano.a(lib_a-impure.o)
 .data.impure_data
                0x00000000       0x60 c:/users/tommy/documents/bike stmproj/tools/gcc-arm-none-eabi-10.3-2021.10/bin/../lib/gcc/arm-none-eabi/10.3.1/../../../../arm-none-eabi/lib/thumb/v7e-m+fp/hard\libc_nano.a(lib_a-impure.o)
 .rodata._global_impure_ptr
                0x00000000        0x4 c:/users/tommy/documents/bike stmproj/tools/gcc-arm-none-eabi-10.3-2021.10/bin/../lib/gcc/arm-none-eabi/10.3.1/../../../../arm-none-eabi/lib/thumb/v7e-m+fp/hard\libc_nano.a(lib_a-impure.o)
 .ARM.attributes
                0x00000000       0x34 c:/users/tommy/documents/bike stmproj/tools/gcc-arm-none-eabi-10.3-2021.10/bin/../lib/gcc/arm-none-eabi/10.3.1/../../../../arm-none-eabi/lib/thumb/v7e-m+fp/hard\libc_nano.a(lib_a-impure.o)
 .text          0x00000000        0x0 c:/users/tommy/documents/bike stmproj/tools/gcc-arm-none-eabi-10.3-2021.10/bin/../lib/gcc/arm-none-eabi/10.3.1/../../../../arm-none-eabi/lib/thumb/v7e-m+fp/hard\libc_nano.a(lib_a-init.o)
 .data          0x00000000        0x0 c:/users/tommy/documents/bike stmproj/tools/gcc-arm-none-eabi-10.3-2021.10/bin/../lib/gcc/arm-none-eabi/10.3.1/../../../../arm-none-eabi/lib/thumb/v7e-m+fp/hard\libc_nano.a(lib_a-init.o)
 .bss           0x00000000        0x0 c:/users/tommy/documents/bike stmproj/tools/gcc-arm-none-eabi-10.3-2021.10/bin/../lib/gcc/arm-none-eabi/10.3.1/../../../../arm-none-eabi/lib/thumb/v7e-m+fp/hard\libc_nano.a(lib_a-init.o)
 .text.__libc_init_array
                0x00000000       0x48 c:/users/tommy/documents/bike stmproj/tools/gcc-arm-none-eabi-10.3-2021.10/bin/../lib/gcc/arm-none-eabi/10.3.1/../../../../arm-none-eabi/lib/thumb/v7e-m+fp/hard\libc_nano.a(lib_a-init.o)
 .debug_frame   0x00000000       0x2c c:/users/tommy/documents/bike stmproj/tools/gcc-arm-none-eabi-10.3-2021.10/bin/../lib/gcc/arm-none-eabi/10.3.1/../../../../arm-none-eabi/lib/thumb/v7e-m+fp/hard\libc_nano.a(lib_a-init.o)
 .ARM.attributes
                0x00000000       0x34 c:/users/tommy/documents/bike stmproj/tools/gcc-arm-none-eabi-10.3-2021.10/bin/../lib/gcc/arm-none-eabi/10.3.1/../../../../arm-none-eabi/lib/thumb/v7e-m+fp/hard\libc_nano.a(lib_a-init.o)
 .text          0x00000000        0x0 c:/users/tommy/documents/bike stmproj/tools/gcc-arm-none-eabi-10.3-2021.10/bin/../lib/gcc/arm-none-eabi/10.3.1/../../../../arm-none-eabi/lib/thumb/v7e-m+fp/hard\libc_nano.a(lib_a-memset.o)
 .data          0x00000000        0x0 c:/users/tommy/documents/bike stmproj/tools/gcc-arm-none-eabi-10.3-2021.10/bin/../lib/gcc/arm-none-eabi/10.3.1/../../../../arm-none-eabi/lib/thumb/v7e-m+fp/hard\libc_nano.a(lib_a-memset.o)
 .bss           0x00000000        0x0 c:/users/tommy/documents/bike stmproj/tools/gcc-arm-none-eabi-10.3-2021.10/bin/../lib/gcc/arm-none-eabi/10.3.1/../../../../arm-none-eabi/lib/thumb/v7e-m+fp/hard\libc_nano.a(lib_a-memset.o)
 .text.memset   0x00000000       0x10 c:/users/tommy/documents/bike stmproj/tools/gcc-arm-none-eabi-10.3-2021.10/bin/../lib/gcc/arm-none-eabi/10.3.1/../../../../arm-none-eabi/lib/thumb/v7e-m+fp/hard\libc_nano.a(lib_a-memset.o)
 .debug_frame   0x00000000       0x20 c:/users/tommy/documents/bike stmproj/tools/gcc-arm-none-eabi-10.3-2021.10/bin/../lib/gcc/arm-none-eabi/10.3.1/../../../../arm-none-eabi/lib/thumb/v7e-m+fp/hard\libc_nano.a(lib_a-memset.o)
 .ARM.attributes
                0x00000000       0x34 c:/users/tommy/documents/bike stmproj/tools/gcc-arm-none-eabi-10.3-2021.10/bin/../lib/gcc/arm-none-eabi/10.3.1/../../../../arm-none-eabi/lib/thumb/v7e-m+fp/hard\libc_nano.a(lib_a-memset.o)
 .text          0x00000000       0x30 c:/users/tommy/documents/bike stmproj/tools/gcc-arm-none-eabi-10.3-2021.10/bin/../lib/gcc/arm-none-eabi/10.3.1/thumb/v7e-m+fp/hard\libgcc.a(_aeabi_uldivmod.o)
 .data          0x00000000        0x0 c:/users/tommy/documents/bike stmproj/tools/gcc-arm-none-eabi-10.3-2021.10/bin/../lib/gcc/arm-none-eabi/10.3.1/thumb/v7e-m+fp/hard\libgcc.a(_aeabi_uldivmod.o)
 .bss           0x00000000        0x0 c:/users/tommy/documents/bike stmproj/tools/gcc-arm-none-eabi-10.3-2021.10/bin/../lib/gcc/arm-none-eabi/10.3.1/thumb/v7e-m+fp/hard\libgcc.a(_aeabi_uldivmod.o)
 .debug_frame   0x00000000       0x2c c:/users/tommy/documents/bike stmproj/tools/gcc-arm-none-eabi-10.3-2021.10/bin/../lib/gcc/arm-none-eabi/10.3.1/thumb/v7e-m+fp/hard\libgcc.a(_aeabi_uldivmod.o)
 .ARM.attributes
                0x00000000       0x1e c:/users/tommy/documents/bike stmproj/tools/gcc-arm-none-eabi-10.3-2021.10/bin/../lib/gcc/arm-none-eabi/10.3.1/thumb/v7e-m+fp/hard\libgcc.a(_aeabi_uldivmod.o)
 .text          0x00000000      0x2d0 c:/users/tommy/documents/bike stmproj/tools/gcc-arm-none-eabi-10.3-2021.10/bin/../lib/gcc/arm-none-eabi/10.3.1/thumb/v7e-m+fp/hard\libgcc.a(_udivmoddi4.o)
 .data          0x00000000        0x0 c:/users/tommy/documents/bike stmproj/tools/gcc-arm-none-eabi-10.3-2021.10/bin/../lib/gcc/arm-none-eabi/10.3.1/thumb/v7e-m+fp/hard\libgcc.a(_udivmoddi4.o)
 .bss           0x00000000        0x0 c:/users/tommy/documents/bike stmproj/tools/gcc-arm-none-eabi-10.3-2021.10/bin/../lib/gcc/arm-none-eabi/10.3.1/thumb/v7e-m+fp/hard\libgcc.a(_udivmoddi4.o)
 .ARM.extab     0x00000000        0x0 c:/users/tommy/documents/bike stmproj/tools/gcc-arm-none-eabi-10.3-2021.10/bin/../lib/gcc/arm-none-eabi/10.3.1/thumb/v7e-m+fp/hard\libgcc.a(_udivmoddi4.o)
 .ARM.exidx     0x00000000        0x8 c:/users/tommy/documents/bike stmproj/tools/gcc-arm-none-eabi-10.3-2021.10/bin/../lib/gcc/arm-none-eabi/10.3.1/thumb/v7e-m+fp/hard\libgcc.a(_udivmoddi4.o)
 .debug_frame   0x00000000       0x34 c:/users/tommy/documents/bike stmproj/tools/gcc-arm-none-eabi-10.3-2021.10/bin/../lib/gcc/arm-none-eabi/10.3.1/thumb/v7e-m+fp/hard\libgcc.a(_udivmoddi4.o)
 .ARM.attributes
                0x00000000       0x34 c:/users/tommy/documents/bike stmproj/tools/gcc-arm-none-eabi-10.3-2021.10/bin/../lib/gcc/arm-none-eabi/10.3.1/thumb/v7e-m+fp/hard\libgcc.a(_udivmoddi4.o)
 .text          0x00000000        0x4 c:/users/tommy/documents/bike stmproj/tools/gcc-arm-none-eabi-10.3-2021.10/bin/../lib/gcc/arm-none-eabi/10.3.1/thumb/v7e-m+fp/hard\libgcc.a(_dvmd_tls.o)
 .data          0x00000000        0x0 c:/users/tommy/documents/bike stmproj/tools/gcc-arm-none-eabi-10.3-2021.10/bin/../lib/gcc/arm-none-eabi/10.3.1/thumb/v7e-m+fp/hard\libgcc.a(_dvmd_tls.o)
 .bss           0x00000000        0x0 c:/users/tommy/documents/bike stmproj/tools/gcc-arm-none-eabi-10.3-2021.10/bin/../lib/gcc/arm-none-eabi/10.3.1/thumb/v7e-m+fp/hard\libgcc.a(_dvmd_tls.o)
 .ARM.attributes
                0x00000000       0x1e c:/users/tommy/documents/bike stmproj/tools/gcc-arm-none-eabi-10.3-2021.10/bin/../lib/gcc/arm-none-eabi/10.3.1/thumb/v7e-m+fp/hard\libgcc.a(_dvmd_tls.o)
 .text          0x00000000        0x0 c:/users/tommy/documents/bike stmproj/tools/gcc-arm-none-eabi-10.3-2021.10/bin/../lib/gcc/arm-none-eabi/10.3.1/thumb/v7e-m+fp/hard/crtend.o
 .data          0x00000000        0x0 c:/users/tommy/documents/bike stmproj/tools/gcc-arm-none-eabi-10.3-2021.10/bin/../lib/gcc/arm-none-eabi/10.3.1/thumb/v7e-m+fp/hard/crtend.o
 .bss           0x00000000        0x0 c:/users/tommy/documents/bike stmproj/tools/gcc-arm-none-eabi-10.3-2021.10/bin/../lib/gcc/arm-none-eabi/10.3.1/thumb/v7e-m+fp/hard/crtend.o
 .rodata        0x00000000       0x24 c:/users/tommy/documents/bike stmproj/tools/gcc-arm-none-eabi-10.3-2021.10/bin/../lib/gcc/arm-none-eabi/10.3.1/thumb/v7e-m+fp/hard/crtend.o
 .eh_frame      0x00000000        0x4 c:/users/tommy/documents/bike stmproj/tools/gcc-arm-none-eabi-10.3-2021.10/bin/../lib/gcc/arm-none-eabi/10.3.1/thumb/v7e-m+fp/hard/crtend.o
 .ARM.attributes
                0x00000000       0x34 c:/users/tommy/documents/bike stmproj/tools/gcc-arm-none-eabi-10.3-2021.10/bin/../lib/gcc/arm-none-eabi/10.3.1/thumb/v7e-m+fp/hard/crtend.o
 .text          0x00000000        0x0 c:/users/tommy/documents/bike stmproj/tools/gcc-arm-none-eabi-10.3-2021.10/bin/../lib/gcc/arm-none-eabi/10.3.1/thumb/v7e-m+fp/hard/crtn.o
 .data          0x00000000        0x0 c:/users/tommy/documents/bike stmproj/tools/gcc-arm-none-eabi-10.3-2021.10/bin/../lib/gcc/arm-none-eabi/10.3.1/thumb/v7e-m+fp/hard/crtn.o
 .bss           0x00000000        0x0 c:/users/tommy/documents/bike stmproj/tools/gcc-arm-none-eabi-10.3-2021.10/bin/../lib/gcc/arm-none-eabi/10.3.1/thumb/v7e-m+fp/hard/crtn.o

Memory Configuration

Name             Origin             Length             Attributes
RAM              0x20000000         0x00020000         xrw
FLASH            0x08000000         0x00080000         xr
*default*        0x00000000         0xffffffff

Linker script and memory map

LOAD c:/users/tommy/documents/bike stmproj/tools/gcc-arm-none-eabi-10.3-2021.10/bin/../lib/gcc/arm-none-eabi/10.3.1/thumb/v7e-m+fp/hard/crti.o
LOAD c:/users/tommy/documents/bike stmproj/tools/gcc-arm-none-eabi-10.3-2021.10/bin/../lib/gcc/arm-none-eabi/10.3.1/thumb/v7e-m+fp/hard/crtbegin.o
LOAD c:/users/tommy/documents/bike stmproj/tools/gcc-arm-none-eabi-10.3-2021.10/bin/../lib/gcc/arm-none-eabi/10.3.1/../../../../arm-none-eabi/lib/thumb/v7e-m+fp/hard/crt0.o
LOAD build/main.o
LOAD build/stm32f4xx_it.o
LOAD build/stm32f4xx_hal_msp.o
LOAD build/stm32f4xx_hal_rcc.o
LOAD build/stm32f4xx_hal_rcc_ex.o
LOAD build/stm32f4xx_hal_flash.o
LOAD build/stm32f4xx_hal_flash_ex.o
LOAD build/stm32f4xx_hal_flash_ramfunc.o
LOAD build/stm32f4xx_hal_gpio.o
LOAD build/stm32f4xx_hal_dma_ex.o
LOAD build/stm32f4xx_hal_dma.o
LOAD build/stm32f4xx_hal_pwr.o
LOAD build/stm32f4xx_hal_pwr_ex.o
LOAD build/stm32f4xx_hal_cortex.o
LOAD build/stm32f4xx_hal.o
LOAD build/stm32f4xx_hal_exti.o
LOAD build/system_stm32f4xx.o
LOAD build/sysmem.o
LOAD build/syscalls.o
LOAD c:/users/tommy/documents/bike stmproj/tools/gcc-arm-none-eabi-10.3-2021.10/bin/../lib/gcc/arm-none-eabi/10.3.1/../../../../arm-none-eabi/lib/thumb/v7e-m+fp/hard\libc_nano.a
LOAD c:/users/tommy/documents/bike stmproj/tools/gcc-arm-none-eabi-10.3-2021.10/bin/../lib/gcc/arm-none-eabi/10.3.1/../../../../arm-none-eabi/lib/thumb/v7e-m+fp/hard\libm.a
LOAD c:/users/tommy/documents/bike stmproj/tools/gcc-arm-none-eabi-10.3-2021.10/bin/../lib/gcc/arm-none-eabi/10.3.1/../../../../arm-none-eabi/lib/thumb/v7e-m+fp/hard\libnosys.a
START GROUP
LOAD c:/users/tommy/documents/bike stmproj/tools/gcc-arm-none-eabi-10.3-2021.10/bin/../lib/gcc/arm-none-eabi/10.3.1/thumb/v7e-m+fp/hard\libgcc.a
LOAD c:/users/tommy/documents/bike stmproj/tools/gcc-arm-none-eabi-10.3-2021.10/bin/../lib/gcc/arm-none-eabi/10.3.1/../../../../arm-none-eabi/lib/thumb/v7e-m+fp/hard\libc_nano.a
END GROUP
START GROUP
LOAD c:/users/tommy/documents/bike stmproj/tools/gcc-arm-none-eabi-10.3-2021.10/bin/../lib/gcc/arm-none-eabi/10.3.1/thumb/v7e-m+fp/hard\libgcc.a
LOAD c:/users/tommy/documents/bike stmproj/tools/gcc-arm-none-eabi-10.3-2021.10/bin/../lib/gcc/arm-none-eabi/10.3.1/../../../../arm-none-eabi/lib/thumb/v7e-m+fp/hard\libc_nano.a
END GROUP
LOAD c:/users/tommy/documents/bike stmproj/tools/gcc-arm-none-eabi-10.3-2021.10/bin/../lib/gcc/arm-none-eabi/10.3.1/thumb/v7e-m+fp/hard/crtend.o
LOAD c:/users/tommy/documents/bike stmproj/tools/gcc-arm-none-eabi-10.3-2021.10/bin/../lib/gcc/arm-none-eabi/10.3.1/thumb/v7e-m+fp/hard/crtn.o
                0x20020000                _estack = (ORIGIN (RAM) + LENGTH (RAM))
                0x00000200                _Min_Heap_Size = 0x200
                0x00000400                _Min_Stack_Size = 0x400

.isr_vector     0x08000000        0x0
                0x08000000                . = ALIGN (0x4)
 *(.isr_vector)
                0x08000000                . = ALIGN (0x4)

.text           0x08000000       0x58
                0x08000000                . = ALIGN (0x4)
 *(.text)
 .text          0x08000000       0x40 c:/users/tommy/documents/bike stmproj/tools/gcc-arm-none-eabi-10.3-2021.10/bin/../lib/gcc/arm-none-eabi/10.3.1/thumb/v7e-m+fp/hard/crtbegin.o
 *(.text*)
 *(.glue_7)
 .glue_7        0x08000040        0x0 linker stubs
 *(.glue_7t)
 .glue_7t       0x08000040        0x0 linker stubs
 *(.eh_frame)
 .eh_frame      0x08000040        0x0 c:/users/tommy/documents/bike stmproj/tools/gcc-arm-none-eabi-10.3-2021.10/bin/../lib/gcc/arm-none-eabi/10.3.1/thumb/v7e-m+fp/hard/crtbegin.o
 *(.init)
 .init          0x08000040        0x4 c:/users/tommy/documents/bike stmproj/tools/gcc-arm-none-eabi-10.3-2021.10/bin/../lib/gcc/arm-none-eabi/10.3.1/thumb/v7e-m+fp/hard/crti.o
                0x08000040                _init
 .init          0x08000044        0x8 c:/users/tommy/documents/bike stmproj/tools/gcc-arm-none-eabi-10.3-2021.10/bin/../lib/gcc/arm-none-eabi/10.3.1/thumb/v7e-m+fp/hard/crtn.o
 *(.fini)
 .fini          0x0800004c        0x4 c:/users/tommy/documents/bike stmproj/tools/gcc-arm-none-eabi-10.3-2021.10/bin/../lib/gcc/arm-none-eabi/10.3.1/thumb/v7e-m+fp/hard/crti.o
                0x0800004c                _fini
 .fini          0x08000050        0x8 c:/users/tommy/documents/bike stmproj/tools/gcc-arm-none-eabi-10.3-2021.10/bin/../lib/gcc/arm-none-eabi/10.3.1/thumb/v7e-m+fp/hard/crtn.o
                0x08000058                . = ALIGN (0x4)
                0x08000058                _etext = .

.vfp11_veneer   0x08000058        0x0
 .vfp11_veneer  0x08000058        0x0 linker stubs

.v4_bx          0x08000058        0x0
 .v4_bx         0x08000058        0x0 linker stubs

.iplt           0x08000058        0x0
 .iplt          0x08000058        0x0 c:/users/tommy/documents/bike stmproj/tools/gcc-arm-none-eabi-10.3-2021.10/bin/../lib/gcc/arm-none-eabi/10.3.1/thumb/v7e-m+fp/hard/crtbegin.o

.rel.dyn        0x08000058        0x0
 .rel.iplt      0x08000058        0x0 c:/users/tommy/documents/bike stmproj/tools/gcc-arm-none-eabi-10.3-2021.10/bin/../lib/gcc/arm-none-eabi/10.3.1/thumb/v7e-m+fp/hard/crtbegin.o

.rodata         0x08000058        0x0
                0x08000058                . = ALIGN (0x4)
 *(.rodata)
 *(.rodata*)
                0x08000058                . = ALIGN (0x4)

.ARM.extab
 *(.ARM.extab* .gnu.linkonce.armextab.*)

.ARM            0x08000058        0x0
                0x08000058                __exidx_start = .
 *(.ARM.exidx*)
                0x08000058                __exidx_end = .

.preinit_array  0x08000058        0x0
                0x08000058                PROVIDE (__preinit_array_start = .)
 *(.preinit_array*)
                0x08000058                PROVIDE (__preinit_array_end = .)

.init_array     0x08000058        0x4
                0x08000058                PROVIDE (__init_array_start = .)
 *(SORT_BY_NAME(.init_array.*))
 *(.init_array*)
 .init_array    0x08000058        0x4 c:/users/tommy/documents/bike stmproj/tools/gcc-arm-none-eabi-10.3-2021.10/bin/../lib/gcc/arm-none-eabi/10.3.1/thumb/v7e-m+fp/hard/crtbegin.o
                0x0800005c                PROVIDE (__init_array_end = .)

.fini_array     0x0800005c        0x4
                [!provide]                PROVIDE (__fini_array_start = .)
 *(SORT_BY_NAME(.fini_array.*))
 *(.fini_array*)
 .fini_array    0x0800005c        0x4 c:/users/tommy/documents/bike stmproj/tools/gcc-arm-none-eabi-10.3-2021.10/bin/../lib/gcc/arm-none-eabi/10.3.1/thumb/v7e-m+fp/hard/crtbegin.o
                [!provide]                PROVIDE (__fini_array_end = .)
                0x08000060                _sidata = LOADADDR (.data)

.data           0x20000000        0x0 load address 0x08000060
                0x20000000                . = ALIGN (0x4)
                0x20000000                _sdata = .
 *(.data)
 *(.data*)
                0x20000000                . = ALIGN (0x4)
                0x20000000                _edata = .

.igot.plt       0x20000000        0x0 load address 0x08000060
 .igot.plt      0x20000000        0x0 c:/users/tommy/documents/bike stmproj/tools/gcc-arm-none-eabi-10.3-2021.10/bin/../lib/gcc/arm-none-eabi/10.3.1/thumb/v7e-m+fp/hard/crtbegin.o
                0x20000000                . = ALIGN (0x4)

.bss            0x20000000       0x1c load address 0x08000060
                0x20000000                _sbss = .
                0x20000000                __bss_start__ = _sbss
 *(.bss)
 .bss           0x20000000       0x1c c:/users/tommy/documents/bike stmproj/tools/gcc-arm-none-eabi-10.3-2021.10/bin/../lib/gcc/arm-none-eabi/10.3.1/thumb/v7e-m+fp/hard/crtbegin.o
 *(.bss*)
 *(COMMON)
                0x2000001c                . = ALIGN (0x4)
                0x2000001c                _ebss = .
                0x2000001c                __bss_end__ = _ebss

._user_heap_stack
                0x2000001c      0x604 load address 0x08000060
                0x20000020                . = ALIGN (0x8)
 *fill*         0x2000001c        0x4 
                [!provide]                PROVIDE (end = .)
                0x20000020                PROVIDE (_end = .)
                0x20000220                . = (. + _Min_Heap_Size)
 *fill*         0x20000020      0x200 
                0x20000620                . = (. + _Min_Stack_Size)
 *fill*         0x20000220      0x400 
                0x20000620                . = ALIGN (0x8)

/DISCARD/
 libc.a(*)
 libm.a(*)
 libgcc.a(*)
OUTPUT(build/Bike.elf elf32-littlearm)
LOAD linker stubs
LOAD c:/users/tommy/documents/bike stmproj/tools/gcc-arm-none-eabi-10.3-2021.10/bin/../lib/gcc/arm-none-eabi/10.3.1/../../../../arm-none-eabi/lib/thumb/v7e-m+fp/hard\libc.a
LOAD c:/users/tommy/documents/bike stmproj/tools/gcc-arm-none-eabi-10.3-2021.10/bin/../lib/gcc/arm-none-eabi/10.3.1/../../../../arm-none-eabi/lib/thumb/v7e-m+fp/hard\libm.a
LOAD c:/users/tommy/documents/bike stmproj/tools/gcc-arm-none-eabi-10.3-2021.10/bin/../lib/gcc/arm-none-eabi/10.3.1/thumb/v7e-m+fp/hard\libgcc.a

.ARM.attributes
                0x00000000       0x30
 .ARM.attributes
                0x00000000       0x1e c:/users/tommy/documents/bike stmproj/tools/gcc-arm-none-eabi-10.3-2021.10/bin/../lib/gcc/arm-none-eabi/10.3.1/thumb/v7e-m+fp/hard/crti.o
 .ARM.attributes
                0x0000001e       0x34 c:/users/tommy/documents/bike stmproj/tools/gcc-arm-none-eabi-10.3-2021.10/bin/../lib/gcc/arm-none-eabi/10.3.1/thumb/v7e-m+fp/hard/crtbegin.o
 .ARM.attributes
                0x00000052       0x1e c:/users/tommy/documents/bike stmproj/tools/gcc-arm-none-eabi-10.3-2021.10/bin/../lib/gcc/arm-none-eabi/10.3.1/thumb/v7e-m+fp/hard/crtn.o

Cross Reference Table

Symbol                                            File
AHBPrescTable                                     build/system_stm32f4xx.o
                                                  build/stm32f4xx_hal_rcc.o
APBPrescTable                                     build/system_stm32f4xx.o
                                                  build/stm32f4xx_hal_rcc.o
BusFault_Handler                                  build/stm32f4xx_it.o
DebugMon_Handler                                  build/stm32f4xx_it.o
Error_Handler                                     build/main.o
FLASH_Erase_Sector                                build/stm32f4xx_hal_flash_ex.o
                                                  build/stm32f4xx_hal_flash.o
FLASH_FlushCaches                                 build/stm32f4xx_hal_flash_ex.o
                                                  build/stm32f4xx_hal_flash.o
FLASH_WaitForLastOperation                        build/stm32f4xx_hal_flash.o
                                                  build/stm32f4xx_hal_flash_ex.o
HAL_CORTEX_ClearEvent                             build/stm32f4xx_hal_cortex.o
HAL_DBGMCU_DisableDBGSleepMode                    build/stm32f4xx_hal.o
HAL_DBGMCU_DisableDBGStandbyMode                  build/stm32f4xx_hal.o
HAL_DBGMCU_DisableDBGStopMode                     build/stm32f4xx_hal.o
HAL_DBGMCU_EnableDBGSleepMode                     build/stm32f4xx_hal.o
HAL_DBGMCU_EnableDBGStandbyMode                   build/stm32f4xx_hal.o
HAL_DBGMCU_EnableDBGStopMode                      build/stm32f4xx_hal.o
HAL_DMAEx_ChangeMemory                            build/stm32f4xx_hal_dma_ex.o
HAL_DMAEx_MultiBufferStart                        build/stm32f4xx_hal_dma_ex.o
HAL_DMAEx_MultiBufferStart_IT                     build/stm32f4xx_hal_dma_ex.o
HAL_DMA_Abort                                     build/stm32f4xx_hal_dma.o
HAL_DMA_Abort_IT                                  build/stm32f4xx_hal_dma.o
HAL_DMA_DeInit                                    build/stm32f4xx_hal_dma.o
HAL_DMA_GetError                                  build/stm32f4xx_hal_dma.o
HAL_DMA_GetState                                  build/stm32f4xx_hal_dma.o
HAL_DMA_IRQHandler                                build/stm32f4xx_hal_dma.o
HAL_DMA_Init                                      build/stm32f4xx_hal_dma.o
HAL_DMA_PollForTransfer                           build/stm32f4xx_hal_dma.o
HAL_DMA_RegisterCallback                          build/stm32f4xx_hal_dma.o
HAL_DMA_Start                                     build/stm32f4xx_hal_dma.o
HAL_DMA_Start_IT                                  build/stm32f4xx_hal_dma.o
HAL_DMA_UnRegisterCallback                        build/stm32f4xx_hal_dma.o
HAL_DeInit                                        build/stm32f4xx_hal.o
HAL_Delay                                         build/stm32f4xx_hal.o
HAL_DisableCompensationCell                       build/stm32f4xx_hal.o
HAL_EXTI_ClearConfigLine                          build/stm32f4xx_hal_exti.o
HAL_EXTI_ClearPending                             build/stm32f4xx_hal_exti.o
HAL_EXTI_GenerateSWI                              build/stm32f4xx_hal_exti.o
HAL_EXTI_GetConfigLine                            build/stm32f4xx_hal_exti.o
HAL_EXTI_GetHandle                                build/stm32f4xx_hal_exti.o
HAL_EXTI_GetPending                               build/stm32f4xx_hal_exti.o
HAL_EXTI_IRQHandler                               build/stm32f4xx_hal_exti.o
HAL_EXTI_RegisterCallback                         build/stm32f4xx_hal_exti.o
HAL_EXTI_SetConfigLine                            build/stm32f4xx_hal_exti.o
HAL_EnableCompensationCell                        build/stm32f4xx_hal.o
HAL_FLASHEx_AdvOBGetConfig                        build/stm32f4xx_hal_flash_ex.o
HAL_FLASHEx_AdvOBProgram                          build/stm32f4xx_hal_flash_ex.o
HAL_FLASHEx_DisableFlashSleepMode                 build/stm32f4xx_hal_flash_ramfunc.o
HAL_FLASHEx_EnableFlashSleepMode                  build/stm32f4xx_hal_flash_ramfunc.o
HAL_FLASHEx_Erase                                 build/stm32f4xx_hal_flash_ex.o
HAL_FLASHEx_Erase_IT                              build/stm32f4xx_hal_flash_ex.o
HAL_FLASHEx_OBGetConfig                           build/stm32f4xx_hal_flash_ex.o
HAL_FLASHEx_OBProgram                             build/stm32f4xx_hal_flash_ex.o
HAL_FLASHEx_OB_DeSelectPCROP                      build/stm32f4xx_hal_flash_ex.o
HAL_FLASHEx_OB_SelectPCROP                        build/stm32f4xx_hal_flash_ex.o
HAL_FLASHEx_StartFlashInterfaceClk                build/stm32f4xx_hal_flash_ramfunc.o
HAL_FLASHEx_StopFlashInterfaceClk                 build/stm32f4xx_hal_flash_ramfunc.o
HAL_FLASH_EndOfOperationCallback                  build/stm32f4xx_hal_flash.o
HAL_FLASH_GetError                                build/stm32f4xx_hal_flash.o
HAL_FLASH_IRQHandler                              build/stm32f4xx_hal_flash.o
HAL_FLASH_Lock                                    build/stm32f4xx_hal_flash.o
HAL_FLASH_OB_Launch                               build/stm32f4xx_hal_flash.o
HAL_FLASH_OB_Lock                                 build/stm32f4xx_hal_flash.o
HAL_FLASH_OB_Unlock                               build/stm32f4xx_hal_flash.o
HAL_FLASH_OperationErrorCallback                  build/stm32f4xx_hal_flash.o
HAL_FLASH_Program                                 build/stm32f4xx_hal_flash.o
HAL_FLASH_Program_IT                              build/stm32f4xx_hal_flash.o
HAL_FLASH_Unlock                                  build/stm32f4xx_hal_flash.o
HAL_GPIO_DeInit                                   build/stm32f4xx_hal_gpio.o
HAL_GPIO_EXTI_Callback                            build/stm32f4xx_hal_gpio.o
HAL_GPIO_EXTI_IRQHandler                          build/stm32f4xx_hal_gpio.o
HAL_GPIO_Init                                     build/stm32f4xx_hal_gpio.o
                                                  build/stm32f4xx_hal_rcc.o
                                                  build/main.o
HAL_GPIO_LockPin                                  build/stm32f4xx_hal_gpio.o
HAL_GPIO_ReadPin                                  build/stm32f4xx_hal_gpio.o
HAL_GPIO_TogglePin                                build/stm32f4xx_hal_gpio.o
HAL_GPIO_WritePin                                 build/stm32f4xx_hal_gpio.o
                                                  build/main.o
HAL_GetDEVID                                      build/stm32f4xx_hal.o
HAL_GetHalVersion                                 build/stm32f4xx_hal.o
HAL_GetREVID                                      build/stm32f4xx_hal.o
HAL_GetTick                                       build/stm32f4xx_hal.o
                                                  build/stm32f4xx_hal_pwr_ex.o
                                                  build/stm32f4xx_hal_dma.o
                                                  build/stm32f4xx_hal_flash.o
                                                  build/stm32f4xx_hal_rcc_ex.o
                                                  build/stm32f4xx_hal_rcc.o
HAL_GetTickFreq                                   build/stm32f4xx_hal.o
HAL_GetTickPrio                                   build/stm32f4xx_hal.o
HAL_GetUIDw0                                      build/stm32f4xx_hal.o
HAL_GetUIDw1                                      build/stm32f4xx_hal.o
HAL_GetUIDw2                                      build/stm32f4xx_hal.o
HAL_IncTick                                       build/stm32f4xx_hal.o
                                                  build/stm32f4xx_it.o
HAL_Init                                          build/stm32f4xx_hal.o
                                                  build/main.o
HAL_InitTick                                      build/stm32f4xx_hal.o
                                                  build/stm32f4xx_hal_rcc_ex.o
                                                  build/stm32f4xx_hal_rcc.o
HAL_MPU_ConfigRegion                              build/stm32f4xx_hal_cortex.o
HAL_MPU_Disable                                   build/stm32f4xx_hal_cortex.o
HAL_MPU_DisableRegion                             build/stm32f4xx_hal_cortex.o
HAL_MPU_Enable                                    build/stm32f4xx_hal_cortex.o
HAL_MPU_EnableRegion                              build/stm32f4xx_hal_cortex.o
HAL_MspDeInit                                     build/stm32f4xx_hal.o
HAL_MspInit                                       build/stm32f4xx_hal_msp.o
HAL_NVIC_ClearPendingIRQ                          build/stm32f4xx_hal_cortex.o
HAL_NVIC_DisableIRQ                               build/stm32f4xx_hal_cortex.o
HAL_NVIC_EnableIRQ                                build/stm32f4xx_hal_cortex.o
HAL_NVIC_GetActive                                build/stm32f4xx_hal_cortex.o
HAL_NVIC_GetPendingIRQ                            build/stm32f4xx_hal_cortex.o
HAL_NVIC_GetPriority                              build/stm32f4xx_hal_cortex.o
HAL_NVIC_GetPriorityGrouping                      build/stm32f4xx_hal_cortex.o
HAL_NVIC_SetPendingIRQ                            build/stm32f4xx_hal_cortex.o
HAL_NVIC_SetPriority                              build/stm32f4xx_hal_cortex.o
                                                  build/stm32f4xx_hal.o
HAL_NVIC_SetPriorityGrouping                      build/stm32f4xx_hal_cortex.o
                                                  build/stm32f4xx_hal.o
HAL_NVIC_SystemReset                              build/stm32f4xx_hal_cortex.o
HAL_PWREx_ControlVoltageScaling                   build/stm32f4xx_hal_pwr_ex.o
HAL_PWREx_DisableBkUpReg                          build/stm32f4xx_hal_pwr_ex.o
HAL_PWREx_DisableFlashPowerDown                   build/stm32f4xx_hal_pwr_ex.o
HAL_PWREx_DisableLowRegulatorLowVoltage           build/stm32f4xx_hal_pwr_ex.o
HAL_PWREx_DisableMainRegulatorLowVoltage          build/stm32f4xx_hal_pwr_ex.o
HAL_PWREx_EnableBkUpReg                           build/stm32f4xx_hal_pwr_ex.o
HAL_PWREx_EnableFlashPowerDown                    build/stm32f4xx_hal_pwr_ex.o
HAL_PWREx_EnableLowRegulatorLowVoltage            build/stm32f4xx_hal_pwr_ex.o
HAL_PWREx_EnableMainRegulatorLowVoltage           build/stm32f4xx_hal_pwr_ex.o
HAL_PWREx_GetVoltageRange                         build/stm32f4xx_hal_pwr_ex.o
HAL_PWR_ConfigPVD                                 build/stm32f4xx_hal_pwr.o
HAL_PWR_DeInit                                    build/stm32f4xx_hal_pwr.o
HAL_PWR_DisableBkUpAccess                         build/stm32f4xx_hal_pwr.o
HAL_PWR_DisablePVD                                build/stm32f4xx_hal_pwr.o
HAL_PWR_DisableSEVOnPend                          build/stm32f4xx_hal_pwr.o
HAL_PWR_DisableSleepOnExit                        build/stm32f4xx_hal_pwr.o
HAL_PWR_DisableWakeUpPin                          build/stm32f4xx_hal_pwr.o
HAL_PWR_EnableBkUpAccess                          build/stm32f4xx_hal_pwr.o
HAL_PWR_EnablePVD                                 build/stm32f4xx_hal_pwr.o
HAL_PWR_EnableSEVOnPend                           build/stm32f4xx_hal_pwr.o
HAL_PWR_EnableSleepOnExit                         build/stm32f4xx_hal_pwr.o
HAL_PWR_EnableWakeUpPin                           build/stm32f4xx_hal_pwr.o
HAL_PWR_EnterSLEEPMode                            build/stm32f4xx_hal_pwr.o
HAL_PWR_EnterSTANDBYMode                          build/stm32f4xx_hal_pwr.o
HAL_PWR_EnterSTOPMode                             build/stm32f4xx_hal_pwr.o
HAL_PWR_PVDCallback                               build/stm32f4xx_hal_pwr.o
HAL_PWR_PVD_IRQHandler                            build/stm32f4xx_hal_pwr.o
HAL_RCCEx_DisablePLLI2S                           build/stm32f4xx_hal_rcc_ex.o
HAL_RCCEx_EnablePLLI2S                            build/stm32f4xx_hal_rcc_ex.o
HAL_RCCEx_GetPeriphCLKConfig                      build/stm32f4xx_hal_rcc_ex.o
HAL_RCCEx_GetPeriphCLKFreq                        build/stm32f4xx_hal_rcc_ex.o
HAL_RCCEx_PeriphCLKConfig                         build/stm32f4xx_hal_rcc_ex.o
HAL_RCCEx_SelectLSEMode                           build/stm32f4xx_hal_rcc_ex.o
HAL_RCC_CSSCallback                               build/stm32f4xx_hal_rcc.o
HAL_RCC_ClockConfig                               build/stm32f4xx_hal_rcc.o
                                                  build/main.o
HAL_RCC_DeInit                                    build/stm32f4xx_hal_rcc_ex.o
                                                  build/stm32f4xx_hal_rcc.o
HAL_RCC_DisableCSS                                build/stm32f4xx_hal_rcc.o
HAL_RCC_EnableCSS                                 build/stm32f4xx_hal_rcc.o
HAL_RCC_GetClockConfig                            build/stm32f4xx_hal_rcc.o
HAL_RCC_GetHCLKFreq                               build/stm32f4xx_hal_rcc.o
HAL_RCC_GetOscConfig                              build/stm32f4xx_hal_rcc.o
HAL_RCC_GetPCLK1Freq                              build/stm32f4xx_hal_rcc.o
HAL_RCC_GetPCLK2Freq                              build/stm32f4xx_hal_rcc.o
HAL_RCC_GetSysClockFreq                           build/stm32f4xx_hal_rcc.o
HAL_RCC_MCOConfig                                 build/stm32f4xx_hal_rcc.o
HAL_RCC_NMI_IRQHandler                            build/stm32f4xx_hal_rcc.o
HAL_RCC_OscConfig                                 build/stm32f4xx_hal_rcc.o
                                                  build/main.o
HAL_ResumeTick                                    build/stm32f4xx_hal.o
HAL_SYSTICK_CLKSourceConfig                       build/stm32f4xx_hal_cortex.o
HAL_SYSTICK_Callback                              build/stm32f4xx_hal_cortex.o
HAL_SYSTICK_Config                                build/stm32f4xx_hal_cortex.o
                                                  build/stm32f4xx_hal.o
HAL_SYSTICK_IRQHandler                            build/stm32f4xx_hal_cortex.o
HAL_SetTickFreq                                   build/stm32f4xx_hal.o
HAL_SuspendTick                                   build/stm32f4xx_hal.o
HardFault_Handler                                 build/stm32f4xx_it.o
MemManage_Handler                                 build/stm32f4xx_it.o
NMI_Handler                                       build/stm32f4xx_it.o
PendSV_Handler                                    build/stm32f4xx_it.o
SVC_Handler                                       build/stm32f4xx_it.o
SysTick_Handler                                   build/stm32f4xx_it.o
SystemClock_Config                                build/main.o
SystemCoreClock                                   build/system_stm32f4xx.o
                                                  build/stm32f4xx_hal.o
                                                  build/stm32f4xx_hal_dma.o
                                                  build/stm32f4xx_hal_rcc_ex.o
                                                  build/stm32f4xx_hal_rcc.o
SystemCoreClockUpdate                             build/system_stm32f4xx.o
SystemInit                                        build/system_stm32f4xx.o
UsageFault_Handler                                build/stm32f4xx_it.o
_Min_Stack_Size                                   build/sysmem.o
__aeabi_idiv0                                     c:/users/tommy/documents/bike stmproj/tools/gcc-arm-none-eabi-10.3-2021.10/bin/../lib/gcc/arm-none-eabi/10.3.1/thumb/v7e-m+fp/hard\libgcc.a(_dvmd_tls.o)
__aeabi_ldiv0                                     c:/users/tommy/documents/bike stmproj/tools/gcc-arm-none-eabi-10.3-2021.10/bin/../lib/gcc/arm-none-eabi/10.3.1/thumb/v7e-m+fp/hard\libgcc.a(_dvmd_tls.o)
                                                  c:/users/tommy/documents/bike stmproj/tools/gcc-arm-none-eabi-10.3-2021.10/bin/../lib/gcc/arm-none-eabi/10.3.1/thumb/v7e-m+fp/hard\libgcc.a(_aeabi_uldivmod.o)
__aeabi_uldivmod                                  c:/users/tommy/documents/bike stmproj/tools/gcc-arm-none-eabi-10.3-2021.10/bin/../lib/gcc/arm-none-eabi/10.3.1/thumb/v7e-m+fp/hard\libgcc.a(_aeabi_uldivmod.o)
                                                  build/stm32f4xx_hal_rcc.o
__bss_end__                                       c:/users/tommy/documents/bike stmproj/tools/gcc-arm-none-eabi-10.3-2021.10/bin/../lib/gcc/arm-none-eabi/10.3.1/../../../../arm-none-eabi/lib/thumb/v7e-m+fp/hard/crt0.o
__bss_start__                                     c:/users/tommy/documents/bike stmproj/tools/gcc-arm-none-eabi-10.3-2021.10/bin/../lib/gcc/arm-none-eabi/10.3.1/../../../../arm-none-eabi/lib/thumb/v7e-m+fp/hard/crt0.o
__call_exitprocs                                  c:/users/tommy/documents/bike stmproj/tools/gcc-arm-none-eabi-10.3-2021.10/bin/../lib/gcc/arm-none-eabi/10.3.1/../../../../arm-none-eabi/lib/thumb/v7e-m+fp/hard\libc_nano.a(lib_a-exit.o)
__deregister_frame_info                           c:/users/tommy/documents/bike stmproj/tools/gcc-arm-none-eabi-10.3-2021.10/bin/../lib/gcc/arm-none-eabi/10.3.1/thumb/v7e-m+fp/hard/crtbegin.o
__dso_handle                                      c:/users/tommy/documents/bike stmproj/tools/gcc-arm-none-eabi-10.3-2021.10/bin/../lib/gcc/arm-none-eabi/10.3.1/thumb/v7e-m+fp/hard/crtbegin.o
__env                                             build/syscalls.o
__errno                                           c:/users/tommy/documents/bike stmproj/tools/gcc-arm-none-eabi-10.3-2021.10/bin/../lib/gcc/arm-none-eabi/10.3.1/../../../../arm-none-eabi/lib/thumb/v7e-m+fp/hard\libc_nano.a(lib_a-errno.o)
                                                  build/syscalls.o
                                                  build/sysmem.o
__init_array_end                                  c:/users/tommy/documents/bike stmproj/tools/gcc-arm-none-eabi-10.3-2021.10/bin/../lib/gcc/arm-none-eabi/10.3.1/../../../../arm-none-eabi/lib/thumb/v7e-m+fp/hard\libc_nano.a(lib_a-init.o)
__init_array_start                                c:/users/tommy/documents/bike stmproj/tools/gcc-arm-none-eabi-10.3-2021.10/bin/../lib/gcc/arm-none-eabi/10.3.1/../../../../arm-none-eabi/lib/thumb/v7e-m+fp/hard\libc_nano.a(lib_a-init.o)
__io_getchar                                      build/syscalls.o
__io_putchar                                      build/syscalls.o
__libc_fini_array                                 c:/users/tommy/documents/bike stmproj/tools/gcc-arm-none-eabi-10.3-2021.10/bin/../lib/gcc/arm-none-eabi/10.3.1/../../../../arm-none-eabi/lib/thumb/v7e-m+fp/hard/crt0.o
__libc_init_array                                 c:/users/tommy/documents/bike stmproj/tools/gcc-arm-none-eabi-10.3-2021.10/bin/../lib/gcc/arm-none-eabi/10.3.1/../../../../arm-none-eabi/lib/thumb/v7e-m+fp/hard\libc_nano.a(lib_a-init.o)
                                                  c:/users/tommy/documents/bike stmproj/tools/gcc-arm-none-eabi-10.3-2021.10/bin/../lib/gcc/arm-none-eabi/10.3.1/../../../../arm-none-eabi/lib/thumb/v7e-m+fp/hard/crt0.o
__preinit_array_end                               c:/users/tommy/documents/bike stmproj/tools/gcc-arm-none-eabi-10.3-2021.10/bin/../lib/gcc/arm-none-eabi/10.3.1/../../../../arm-none-eabi/lib/thumb/v7e-m+fp/hard\libc_nano.a(lib_a-init.o)
__preinit_array_start                             c:/users/tommy/documents/bike stmproj/tools/gcc-arm-none-eabi-10.3-2021.10/bin/../lib/gcc/arm-none-eabi/10.3.1/../../../../arm-none-eabi/lib/thumb/v7e-m+fp/hard\libc_nano.a(lib_a-init.o)
__register_frame_info                             c:/users/tommy/documents/bike stmproj/tools/gcc-arm-none-eabi-10.3-2021.10/bin/../lib/gcc/arm-none-eabi/10.3.1/thumb/v7e-m+fp/hard/crtbegin.o
__sf_fake_stderr                                  c:/users/tommy/documents/bike stmproj/tools/gcc-arm-none-eabi-10.3-2021.10/bin/../lib/gcc/arm-none-eabi/10.3.1/../../../../arm-none-eabi/lib/thumb/v7e-m+fp/hard\libc_nano.a(lib_a-impure.o)
__sf_fake_stdin                                   c:/users/tommy/documents/bike stmproj/tools/gcc-arm-none-eabi-10.3-2021.10/bin/../lib/gcc/arm-none-eabi/10.3.1/../../../../arm-none-eabi/lib/thumb/v7e-m+fp/hard\libc_nano.a(lib_a-impure.o)
__sf_fake_stdout                                  c:/users/tommy/documents/bike stmproj/tools/gcc-arm-none-eabi-10.3-2021.10/bin/../lib/gcc/arm-none-eabi/10.3.1/../../../../arm-none-eabi/lib/thumb/v7e-m+fp/hard\libc_nano.a(lib_a-impure.o)
__stack                                           c:/users/tommy/documents/bike stmproj/tools/gcc-arm-none-eabi-10.3-2021.10/bin/../lib/gcc/arm-none-eabi/10.3.1/../../../../arm-none-eabi/lib/thumb/v7e-m+fp/hard/crt0.o
__udivmoddi4                                      c:/users/tommy/documents/bike stmproj/tools/gcc-arm-none-eabi-10.3-2021.10/bin/../lib/gcc/arm-none-eabi/10.3.1/thumb/v7e-m+fp/hard\libgcc.a(_udivmoddi4.o)
                                                  c:/users/tommy/documents/bike stmproj/tools/gcc-arm-none-eabi-10.3-2021.10/bin/../lib/gcc/arm-none-eabi/10.3.1/thumb/v7e-m+fp/hard\libgcc.a(_aeabi_uldivmod.o)
_close                                            build/syscalls.o
_end                                              build/sysmem.o
_estack                                           build/sysmem.o
_execve                                           build/syscalls.o
_exit                                             build/syscalls.o
                                                  c:/users/tommy/documents/bike stmproj/tools/gcc-arm-none-eabi-10.3-2021.10/bin/../lib/gcc/arm-none-eabi/10.3.1/../../../../arm-none-eabi/lib/thumb/v7e-m+fp/hard\libc_nano.a(lib_a-exit.o)
_fini                                             c:/users/tommy/documents/bike stmproj/tools/gcc-arm-none-eabi-10.3-2021.10/bin/../lib/gcc/arm-none-eabi/10.3.1/thumb/v7e-m+fp/hard/crti.o
_fork                                             build/syscalls.o
_fstat                                            build/syscalls.o
_getpid                                           build/syscalls.o
_global_impure_ptr                                c:/users/tommy/documents/bike stmproj/tools/gcc-arm-none-eabi-10.3-2021.10/bin/../lib/gcc/arm-none-eabi/10.3.1/../../../../arm-none-eabi/lib/thumb/v7e-m+fp/hard\libc_nano.a(lib_a-impure.o)
                                                  c:/users/tommy/documents/bike stmproj/tools/gcc-arm-none-eabi-10.3-2021.10/bin/../lib/gcc/arm-none-eabi/10.3.1/../../../../arm-none-eabi/lib/thumb/v7e-m+fp/hard\libc_nano.a(lib_a-exit.o)
_impure_ptr                                       c:/users/tommy/documents/bike stmproj/tools/gcc-arm-none-eabi-10.3-2021.10/bin/../lib/gcc/arm-none-eabi/10.3.1/../../../../arm-none-eabi/lib/thumb/v7e-m+fp/hard\libc_nano.a(lib_a-impure.o)
                                                  c:/users/tommy/documents/bike stmproj/tools/gcc-arm-none-eabi-10.3-2021.10/bin/../lib/gcc/arm-none-eabi/10.3.1/../../../../arm-none-eabi/lib/thumb/v7e-m+fp/hard\libc_nano.a(lib_a-errno.o)
_init                                             c:/users/tommy/documents/bike stmproj/tools/gcc-arm-none-eabi-10.3-2021.10/bin/../lib/gcc/arm-none-eabi/10.3.1/thumb/v7e-m+fp/hard/crti.o
                                                  c:/users/tommy/documents/bike stmproj/tools/gcc-arm-none-eabi-10.3-2021.10/bin/../lib/gcc/arm-none-eabi/10.3.1/../../../../arm-none-eabi/lib/thumb/v7e-m+fp/hard\libc_nano.a(lib_a-init.o)
_isatty                                           build/syscalls.o
_kill                                             build/syscalls.o
_link                                             build/syscalls.o
_lseek                                            build/syscalls.o
_mainCRTStartup                                   c:/users/tommy/documents/bike stmproj/tools/gcc-arm-none-eabi-10.3-2021.10/bin/../lib/gcc/arm-none-eabi/10.3.1/../../../../arm-none-eabi/lib/thumb/v7e-m+fp/hard/crt0.o
_open                                             build/syscalls.o
_read                                             build/syscalls.o
_sbrk                                             build/sysmem.o
_stack_init                                       c:/users/tommy/documents/bike stmproj/tools/gcc-arm-none-eabi-10.3-2021.10/bin/../lib/gcc/arm-none-eabi/10.3.1/../../../../arm-none-eabi/lib/thumb/v7e-m+fp/hard/crt0.o
_start                                            c:/users/tommy/documents/bike stmproj/tools/gcc-arm-none-eabi-10.3-2021.10/bin/../lib/gcc/arm-none-eabi/10.3.1/../../../../arm-none-eabi/lib/thumb/v7e-m+fp/hard/crt0.o
_stat                                             build/syscalls.o
_times                                            build/syscalls.o
_unlink                                           build/syscalls.o
_wait                                             build/syscalls.o
_write                                            build/syscalls.o
atexit                                            c:/users/tommy/documents/bike stmproj/tools/gcc-arm-none-eabi-10.3-2021.10/bin/../lib/gcc/arm-none-eabi/10.3.1/../../../../arm-none-eabi/lib/thumb/v7e-m+fp/hard/crt0.o
environ                                           build/syscalls.o
exit                                              c:/users/tommy/documents/bike stmproj/tools/gcc-arm-none-eabi-10.3-2021.10/bin/../lib/gcc/arm-none-eabi/10.3.1/../../../../arm-none-eabi/lib/thumb/v7e-m+fp/hard\libc_nano.a(lib_a-exit.o)
                                                  c:/users/tommy/documents/bike stmproj/tools/gcc-arm-none-eabi-10.3-2021.10/bin/../lib/gcc/arm-none-eabi/10.3.1/../../../../arm-none-eabi/lib/thumb/v7e-m+fp/hard/crt0.o
hardware_init_hook                                c:/users/tommy/documents/bike stmproj/tools/gcc-arm-none-eabi-10.3-2021.10/bin/../lib/gcc/arm-none-eabi/10.3.1/../../../../arm-none-eabi/lib/thumb/v7e-m+fp/hard/crt0.o
initialise_monitor_handles                        build/syscalls.o
main                                              build/main.o
                                                  c:/users/tommy/documents/bike stmproj/tools/gcc-arm-none-eabi-10.3-2021.10/bin/../lib/gcc/arm-none-eabi/10.3.1/../../../../arm-none-eabi/lib/thumb/v7e-m+fp/hard/crt0.o
memset                                            c:/users/tommy/documents/bike stmproj/tools/gcc-arm-none-eabi-10.3-2021.10/bin/../lib/gcc/arm-none-eabi/10.3.1/../../../../arm-none-eabi/lib/thumb/v7e-m+fp/hard\libc_nano.a(lib_a-memset.o)
                                                  build/main.o
                                                  c:/users/tommy/documents/bike stmproj/tools/gcc-arm-none-eabi-10.3-2021.10/bin/../lib/gcc/arm-none-eabi/10.3.1/../../../../arm-none-eabi/lib/thumb/v7e-m+fp/hard/crt0.o
pFlash                                            build/stm32f4xx_hal_flash.o
                                                  build/stm32f4xx_hal_flash_ex.o
software_init_hook                                c:/users/tommy/documents/bike stmproj/tools/gcc-arm-none-eabi-10.3-2021.10/bin/../lib/gcc/arm-none-eabi/10.3.1/../../../../arm-none-eabi/lib/thumb/v7e-m+fp/hard/crt0.o
uwTick                                            build/stm32f4xx_hal.o
uwTickFreq                                        build/stm32f4xx_hal.o
uwTickPrio                                        build/stm32f4xx_hal.o
                                                  build/stm32f4xx_hal_rcc_ex.o
                                                  build/stm32f4xx_hal_rcc.o
