Archive member included to satisfy reference by file (symbol)

c:/users/tommy/documents/bike stmproj/tools/gcc-arm-none-eabi-10.3-2021.10/bin/../lib/gcc/arm-none-eabi/10.3.1/../../../../arm-none-eabi/lib/thumb/v7e-m+fp/hard\libc_nano.a(lib_a-exit.o)
                              c:/users/tommy/documents/bike stmproj/tools/gcc-arm-none-eabi-10.3-2021.10/bin/../lib/gcc/arm-none-eabi/10.3.1/../../../../arm-none-eabi/lib/thumb/v7e-m+fp/hard/crt0.o (exit)
c:/users/tommy/documents/bike stmproj/tools/gcc-arm-none-eabi-10.3-2021.10/bin/../lib/gcc/arm-none-eabi/10.3.1/../../../../arm-none-eabi/lib/thumb/v7e-m+fp/hard\libc_nano.a(lib_a-impure.o)
                              c:/users/tommy/documents/bike stmproj/tools/gcc-arm-none-eabi-10.3-2021.10/bin/../lib/gcc/arm-none-eabi/10.3.1/../../../../arm-none-eabi/lib/thumb/v7e-m+fp/hard\libc_nano.a(lib_a-exit.o) (_global_impure_ptr)
c:/users/tommy/documents/bike stmproj/tools/gcc-arm-none-eabi-10.3-2021.10/bin/../lib/gcc/arm-none-eabi/10.3.1/../../../../arm-none-eabi/lib/thumb/v7e-m+fp/hard\libc_nano.a(lib_a-init.o)
                              c:/users/tommy/documents/bike stmproj/tools/gcc-arm-none-eabi-10.3-2021.10/bin/../lib/gcc/arm-none-eabi/10.3.1/../../../../arm-none-eabi/lib/thumb/v7e-m+fp/hard/crt0.o (__libc_init_array)
c:/users/tommy/documents/bike stmproj/tools/gcc-arm-none-eabi-10.3-2021.10/bin/../lib/gcc/arm-none-eabi/10.3.1/../../../../arm-none-eabi/lib/thumb/v7e-m+fp/hard\libc_nano.a(lib_a-memset.o)
                              c:/users/tommy/documents/bike stmproj/tools/gcc-arm-none-eabi-10.3-2021.10/bin/../lib/gcc/arm-none-eabi/10.3.1/../../../../arm-none-eabi/lib/thumb/v7e-m+fp/hard/crt0.o (memset)
c:/users/tommy/documents/bike stmproj/tools/gcc-arm-none-eabi-10.3-2021.10/bin/../lib/gcc/arm-none-eabi/10.3.1/../../../../arm-none-eabi/lib/thumb/v7e-m+fp/hard\libnosys.a(_exit.o)
                              c:/users/tommy/documents/bike stmproj/tools/gcc-arm-none-eabi-10.3-2021.10/bin/../lib/gcc/arm-none-eabi/10.3.1/../../../../arm-none-eabi/lib/thumb/v7e-m+fp/hard\libc_nano.a(lib_a-exit.o) (_exit)

Discarded input sections

 .text          0x00000000        0x0 c:/users/tommy/documents/bike stmproj/tools/gcc-arm-none-eabi-10.3-2021.10/bin/../lib/gcc/arm-none-eabi/10.3.1/thumb/v7e-m+fp/hard/crti.o
 .data          0x00000000        0x0 c:/users/tommy/documents/bike stmproj/tools/gcc-arm-none-eabi-10.3-2021.10/bin/../lib/gcc/arm-none-eabi/10.3.1/thumb/v7e-m+fp/hard/crti.o
 .bss           0x00000000        0x0 c:/users/tommy/documents/bike stmproj/tools/gcc-arm-none-eabi-10.3-2021.10/bin/../lib/gcc/arm-none-eabi/10.3.1/thumb/v7e-m+fp/hard/crti.o
 .data          0x00000000        0x4 c:/users/tommy/documents/bike stmproj/tools/gcc-arm-none-eabi-10.3-2021.10/bin/../lib/gcc/arm-none-eabi/10.3.1/thumb/v7e-m+fp/hard/crtbegin.o
 .rodata        0x00000000       0x24 c:/users/tommy/documents/bike stmproj/tools/gcc-arm-none-eabi-10.3-2021.10/bin/../lib/gcc/arm-none-eabi/10.3.1/thumb/v7e-m+fp/hard/crtbegin.o
 .text          0x00000000       0x7c c:/users/tommy/documents/bike stmproj/tools/gcc-arm-none-eabi-10.3-2021.10/bin/../lib/gcc/arm-none-eabi/10.3.1/../../../../arm-none-eabi/lib/thumb/v7e-m+fp/hard/crt0.o
 .data          0x00000000        0x0 c:/users/tommy/documents/bike stmproj/tools/gcc-arm-none-eabi-10.3-2021.10/bin/../lib/gcc/arm-none-eabi/10.3.1/../../../../arm-none-eabi/lib/thumb/v7e-m+fp/hard/crt0.o
 .bss           0x00000000        0x0 c:/users/tommy/documents/bike stmproj/tools/gcc-arm-none-eabi-10.3-2021.10/bin/../lib/gcc/arm-none-eabi/10.3.1/../../../../arm-none-eabi/lib/thumb/v7e-m+fp/hard/crt0.o
 .ARM.extab     0x00000000        0x0 c:/users/tommy/documents/bike stmproj/tools/gcc-arm-none-eabi-10.3-2021.10/bin/../lib/gcc/arm-none-eabi/10.3.1/../../../../arm-none-eabi/lib/thumb/v7e-m+fp/hard/crt0.o
 .ARM.exidx     0x00000000       0x10 c:/users/tommy/documents/bike stmproj/tools/gcc-arm-none-eabi-10.3-2021.10/bin/../lib/gcc/arm-none-eabi/10.3.1/../../../../arm-none-eabi/lib/thumb/v7e-m+fp/hard/crt0.o
 .ARM.attributes
                0x00000000       0x1c c:/users/tommy/documents/bike stmproj/tools/gcc-arm-none-eabi-10.3-2021.10/bin/../lib/gcc/arm-none-eabi/10.3.1/../../../../arm-none-eabi/lib/thumb/v7e-m+fp/hard/crt0.o
 .text          0x00000000        0x0 build/main.o
 .data          0x00000000        0x0 build/main.o
 .bss           0x00000000        0x0 build/main.o
 .text          0x00000000        0x0 build/startup_stm32f411CEU6.o
 .data          0x00000000        0x0 build/startup_stm32f411CEU6.o
 .bss           0x00000000        0x0 build/startup_stm32f411CEU6.o
 .text          0x00000000        0x0 build/Peripheral_initialization.o
 .data          0x00000000        0x0 build/Peripheral_initialization.o
 .bss           0x00000000        0x0 build/Peripheral_initialization.o
 .text          0x00000000        0x0 build/system_stm32f4xx.o
 .data          0x00000000        0x0 build/system_stm32f4xx.o
 .bss           0x00000000        0x0 build/system_stm32f4xx.o
 .text.SystemCoreClockUpdate
                0x00000000       0xa0 build/system_stm32f4xx.o
 .data.SystemCoreClock
                0x00000000        0x4 build/system_stm32f4xx.o
 .rodata.AHBPrescTable
                0x00000000       0x10 build/system_stm32f4xx.o
 .rodata.APBPrescTable
                0x00000000        0x8 build/system_stm32f4xx.o
 .text          0x00000000        0x0 c:/users/tommy/documents/bike stmproj/tools/gcc-arm-none-eabi-10.3-2021.10/bin/../lib/gcc/arm-none-eabi/10.3.1/../../../../arm-none-eabi/lib/thumb/v7e-m+fp/hard\libc_nano.a(lib_a-exit.o)
 .data          0x00000000        0x0 c:/users/tommy/documents/bike stmproj/tools/gcc-arm-none-eabi-10.3-2021.10/bin/../lib/gcc/arm-none-eabi/10.3.1/../../../../arm-none-eabi/lib/thumb/v7e-m+fp/hard\libc_nano.a(lib_a-exit.o)
 .bss           0x00000000        0x0 c:/users/tommy/documents/bike stmproj/tools/gcc-arm-none-eabi-10.3-2021.10/bin/../lib/gcc/arm-none-eabi/10.3.1/../../../../arm-none-eabi/lib/thumb/v7e-m+fp/hard\libc_nano.a(lib_a-exit.o)
 .text.exit     0x00000000       0x28 c:/users/tommy/documents/bike stmproj/tools/gcc-arm-none-eabi-10.3-2021.10/bin/../lib/gcc/arm-none-eabi/10.3.1/../../../../arm-none-eabi/lib/thumb/v7e-m+fp/hard\libc_nano.a(lib_a-exit.o)
 .debug_frame   0x00000000       0x28 c:/users/tommy/documents/bike stmproj/tools/gcc-arm-none-eabi-10.3-2021.10/bin/../lib/gcc/arm-none-eabi/10.3.1/../../../../arm-none-eabi/lib/thumb/v7e-m+fp/hard\libc_nano.a(lib_a-exit.o)
 .ARM.attributes
                0x00000000       0x34 c:/users/tommy/documents/bike stmproj/tools/gcc-arm-none-eabi-10.3-2021.10/bin/../lib/gcc/arm-none-eabi/10.3.1/../../../../arm-none-eabi/lib/thumb/v7e-m+fp/hard\libc_nano.a(lib_a-exit.o)
 .text          0x00000000        0x0 c:/users/tommy/documents/bike stmproj/tools/gcc-arm-none-eabi-10.3-2021.10/bin/../lib/gcc/arm-none-eabi/10.3.1/../../../../arm-none-eabi/lib/thumb/v7e-m+fp/hard\libc_nano.a(lib_a-impure.o)
 .data          0x00000000        0x0 c:/users/tommy/documents/bike stmproj/tools/gcc-arm-none-eabi-10.3-2021.10/bin/../lib/gcc/arm-none-eabi/10.3.1/../../../../arm-none-eabi/lib/thumb/v7e-m+fp/hard\libc_nano.a(lib_a-impure.o)
 .bss           0x00000000        0x0 c:/users/tommy/documents/bike stmproj/tools/gcc-arm-none-eabi-10.3-2021.10/bin/../lib/gcc/arm-none-eabi/10.3.1/../../../../arm-none-eabi/lib/thumb/v7e-m+fp/hard\libc_nano.a(lib_a-impure.o)
 .data._impure_ptr
                0x00000000        0x4 c:/users/tommy/documents/bike stmproj/tools/gcc-arm-none-eabi-10.3-2021.10/bin/../lib/gcc/arm-none-eabi/10.3.1/../../../../arm-none-eabi/lib/thumb/v7e-m+fp/hard\libc_nano.a(lib_a-impure.o)
 .data.impure_data
                0x00000000       0x60 c:/users/tommy/documents/bike stmproj/tools/gcc-arm-none-eabi-10.3-2021.10/bin/../lib/gcc/arm-none-eabi/10.3.1/../../../../arm-none-eabi/lib/thumb/v7e-m+fp/hard\libc_nano.a(lib_a-impure.o)
 .rodata._global_impure_ptr
                0x00000000        0x4 c:/users/tommy/documents/bike stmproj/tools/gcc-arm-none-eabi-10.3-2021.10/bin/../lib/gcc/arm-none-eabi/10.3.1/../../../../arm-none-eabi/lib/thumb/v7e-m+fp/hard\libc_nano.a(lib_a-impure.o)
 .ARM.attributes
                0x00000000       0x34 c:/users/tommy/documents/bike stmproj/tools/gcc-arm-none-eabi-10.3-2021.10/bin/../lib/gcc/arm-none-eabi/10.3.1/../../../../arm-none-eabi/lib/thumb/v7e-m+fp/hard\libc_nano.a(lib_a-impure.o)
 .text          0x00000000        0x0 c:/users/tommy/documents/bike stmproj/tools/gcc-arm-none-eabi-10.3-2021.10/bin/../lib/gcc/arm-none-eabi/10.3.1/../../../../arm-none-eabi/lib/thumb/v7e-m+fp/hard\libc_nano.a(lib_a-init.o)
 .data          0x00000000        0x0 c:/users/tommy/documents/bike stmproj/tools/gcc-arm-none-eabi-10.3-2021.10/bin/../lib/gcc/arm-none-eabi/10.3.1/../../../../arm-none-eabi/lib/thumb/v7e-m+fp/hard\libc_nano.a(lib_a-init.o)
 .bss           0x00000000        0x0 c:/users/tommy/documents/bike stmproj/tools/gcc-arm-none-eabi-10.3-2021.10/bin/../lib/gcc/arm-none-eabi/10.3.1/../../../../arm-none-eabi/lib/thumb/v7e-m+fp/hard\libc_nano.a(lib_a-init.o)
 .text          0x00000000        0x0 c:/users/tommy/documents/bike stmproj/tools/gcc-arm-none-eabi-10.3-2021.10/bin/../lib/gcc/arm-none-eabi/10.3.1/../../../../arm-none-eabi/lib/thumb/v7e-m+fp/hard\libc_nano.a(lib_a-memset.o)
 .data          0x00000000        0x0 c:/users/tommy/documents/bike stmproj/tools/gcc-arm-none-eabi-10.3-2021.10/bin/../lib/gcc/arm-none-eabi/10.3.1/../../../../arm-none-eabi/lib/thumb/v7e-m+fp/hard\libc_nano.a(lib_a-memset.o)
 .bss           0x00000000        0x0 c:/users/tommy/documents/bike stmproj/tools/gcc-arm-none-eabi-10.3-2021.10/bin/../lib/gcc/arm-none-eabi/10.3.1/../../../../arm-none-eabi/lib/thumb/v7e-m+fp/hard\libc_nano.a(lib_a-memset.o)
 .text.memset   0x00000000       0x10 c:/users/tommy/documents/bike stmproj/tools/gcc-arm-none-eabi-10.3-2021.10/bin/../lib/gcc/arm-none-eabi/10.3.1/../../../../arm-none-eabi/lib/thumb/v7e-m+fp/hard\libc_nano.a(lib_a-memset.o)
 .debug_frame   0x00000000       0x20 c:/users/tommy/documents/bike stmproj/tools/gcc-arm-none-eabi-10.3-2021.10/bin/../lib/gcc/arm-none-eabi/10.3.1/../../../../arm-none-eabi/lib/thumb/v7e-m+fp/hard\libc_nano.a(lib_a-memset.o)
 .ARM.attributes
                0x00000000       0x34 c:/users/tommy/documents/bike stmproj/tools/gcc-arm-none-eabi-10.3-2021.10/bin/../lib/gcc/arm-none-eabi/10.3.1/../../../../arm-none-eabi/lib/thumb/v7e-m+fp/hard\libc_nano.a(lib_a-memset.o)
 .text          0x00000000        0x0 c:/users/tommy/documents/bike stmproj/tools/gcc-arm-none-eabi-10.3-2021.10/bin/../lib/gcc/arm-none-eabi/10.3.1/../../../../arm-none-eabi/lib/thumb/v7e-m+fp/hard\libnosys.a(_exit.o)
 .data          0x00000000        0x0 c:/users/tommy/documents/bike stmproj/tools/gcc-arm-none-eabi-10.3-2021.10/bin/../lib/gcc/arm-none-eabi/10.3.1/../../../../arm-none-eabi/lib/thumb/v7e-m+fp/hard\libnosys.a(_exit.o)
 .bss           0x00000000        0x0 c:/users/tommy/documents/bike stmproj/tools/gcc-arm-none-eabi-10.3-2021.10/bin/../lib/gcc/arm-none-eabi/10.3.1/../../../../arm-none-eabi/lib/thumb/v7e-m+fp/hard\libnosys.a(_exit.o)
 .text._exit    0x00000000        0x4 c:/users/tommy/documents/bike stmproj/tools/gcc-arm-none-eabi-10.3-2021.10/bin/../lib/gcc/arm-none-eabi/10.3.1/../../../../arm-none-eabi/lib/thumb/v7e-m+fp/hard\libnosys.a(_exit.o)
 .debug_frame   0x00000000       0x20 c:/users/tommy/documents/bike stmproj/tools/gcc-arm-none-eabi-10.3-2021.10/bin/../lib/gcc/arm-none-eabi/10.3.1/../../../../arm-none-eabi/lib/thumb/v7e-m+fp/hard\libnosys.a(_exit.o)
 .ARM.attributes
                0x00000000       0x34 c:/users/tommy/documents/bike stmproj/tools/gcc-arm-none-eabi-10.3-2021.10/bin/../lib/gcc/arm-none-eabi/10.3.1/../../../../arm-none-eabi/lib/thumb/v7e-m+fp/hard\libnosys.a(_exit.o)
 .text          0x00000000        0x0 c:/users/tommy/documents/bike stmproj/tools/gcc-arm-none-eabi-10.3-2021.10/bin/../lib/gcc/arm-none-eabi/10.3.1/thumb/v7e-m+fp/hard/crtend.o
 .data          0x00000000        0x0 c:/users/tommy/documents/bike stmproj/tools/gcc-arm-none-eabi-10.3-2021.10/bin/../lib/gcc/arm-none-eabi/10.3.1/thumb/v7e-m+fp/hard/crtend.o
 .bss           0x00000000        0x0 c:/users/tommy/documents/bike stmproj/tools/gcc-arm-none-eabi-10.3-2021.10/bin/../lib/gcc/arm-none-eabi/10.3.1/thumb/v7e-m+fp/hard/crtend.o
 .rodata        0x00000000       0x24 c:/users/tommy/documents/bike stmproj/tools/gcc-arm-none-eabi-10.3-2021.10/bin/../lib/gcc/arm-none-eabi/10.3.1/thumb/v7e-m+fp/hard/crtend.o
 .eh_frame      0x00000000        0x4 c:/users/tommy/documents/bike stmproj/tools/gcc-arm-none-eabi-10.3-2021.10/bin/../lib/gcc/arm-none-eabi/10.3.1/thumb/v7e-m+fp/hard/crtend.o
 .ARM.attributes
                0x00000000       0x34 c:/users/tommy/documents/bike stmproj/tools/gcc-arm-none-eabi-10.3-2021.10/bin/../lib/gcc/arm-none-eabi/10.3.1/thumb/v7e-m+fp/hard/crtend.o
 .text          0x00000000        0x0 c:/users/tommy/documents/bike stmproj/tools/gcc-arm-none-eabi-10.3-2021.10/bin/../lib/gcc/arm-none-eabi/10.3.1/thumb/v7e-m+fp/hard/crtn.o
 .data          0x00000000        0x0 c:/users/tommy/documents/bike stmproj/tools/gcc-arm-none-eabi-10.3-2021.10/bin/../lib/gcc/arm-none-eabi/10.3.1/thumb/v7e-m+fp/hard/crtn.o
 .bss           0x00000000        0x0 c:/users/tommy/documents/bike stmproj/tools/gcc-arm-none-eabi-10.3-2021.10/bin/../lib/gcc/arm-none-eabi/10.3.1/thumb/v7e-m+fp/hard/crtn.o

Memory Configuration

Name             Origin             Length             Attributes
RAM              0x20000000         0x00020000         xrw
FLASH            0x08000000         0x00080000         xr
*default*        0x00000000         0xffffffff

Linker script and memory map

LOAD c:/users/tommy/documents/bike stmproj/tools/gcc-arm-none-eabi-10.3-2021.10/bin/../lib/gcc/arm-none-eabi/10.3.1/thumb/v7e-m+fp/hard/crti.o
LOAD c:/users/tommy/documents/bike stmproj/tools/gcc-arm-none-eabi-10.3-2021.10/bin/../lib/gcc/arm-none-eabi/10.3.1/thumb/v7e-m+fp/hard/crtbegin.o
LOAD c:/users/tommy/documents/bike stmproj/tools/gcc-arm-none-eabi-10.3-2021.10/bin/../lib/gcc/arm-none-eabi/10.3.1/../../../../arm-none-eabi/lib/thumb/v7e-m+fp/hard/crt0.o
LOAD build/main.o
LOAD build/startup_stm32f411CEU6.o
LOAD build/Peripheral_initialization.o
LOAD build/system_stm32f4xx.o
LOAD c:/users/tommy/documents/bike stmproj/tools/gcc-arm-none-eabi-10.3-2021.10/bin/../lib/gcc/arm-none-eabi/10.3.1/../../../../arm-none-eabi/lib/thumb/v7e-m+fp/hard\libc_nano.a
LOAD c:/users/tommy/documents/bike stmproj/tools/gcc-arm-none-eabi-10.3-2021.10/bin/../lib/gcc/arm-none-eabi/10.3.1/../../../../arm-none-eabi/lib/thumb/v7e-m+fp/hard\libm.a
LOAD c:/users/tommy/documents/bike stmproj/tools/gcc-arm-none-eabi-10.3-2021.10/bin/../lib/gcc/arm-none-eabi/10.3.1/../../../../arm-none-eabi/lib/thumb/v7e-m+fp/hard\libnosys.a
START GROUP
LOAD c:/users/tommy/documents/bike stmproj/tools/gcc-arm-none-eabi-10.3-2021.10/bin/../lib/gcc/arm-none-eabi/10.3.1/thumb/v7e-m+fp/hard\libgcc.a
LOAD c:/users/tommy/documents/bike stmproj/tools/gcc-arm-none-eabi-10.3-2021.10/bin/../lib/gcc/arm-none-eabi/10.3.1/../../../../arm-none-eabi/lib/thumb/v7e-m+fp/hard\libc_nano.a
END GROUP
START GROUP
LOAD c:/users/tommy/documents/bike stmproj/tools/gcc-arm-none-eabi-10.3-2021.10/bin/../lib/gcc/arm-none-eabi/10.3.1/thumb/v7e-m+fp/hard\libgcc.a
LOAD c:/users/tommy/documents/bike stmproj/tools/gcc-arm-none-eabi-10.3-2021.10/bin/../lib/gcc/arm-none-eabi/10.3.1/../../../../arm-none-eabi/lib/thumb/v7e-m+fp/hard\libc_nano.a
END GROUP
LOAD c:/users/tommy/documents/bike stmproj/tools/gcc-arm-none-eabi-10.3-2021.10/bin/../lib/gcc/arm-none-eabi/10.3.1/thumb/v7e-m+fp/hard/crtend.o
LOAD c:/users/tommy/documents/bike stmproj/tools/gcc-arm-none-eabi-10.3-2021.10/bin/../lib/gcc/arm-none-eabi/10.3.1/thumb/v7e-m+fp/hard/crtn.o
                0x20020000                _estack = (ORIGIN (RAM) + LENGTH (RAM))
                0x00000200                _Min_Heap_Size = 0x200
                0x00000400                _Min_Stack_Size = 0x400

.isr_vector     0x08000000      0x198
                0x08000000                . = ALIGN (0x4)
 *(.isr_vector)
 .isr_vector    0x08000000      0x198 build/startup_stm32f411CEU6.o
                0x08000000                VectorTable
                0x08000198                . = ALIGN (0x4)

.text           0x08000198      0x3a4
                0x08000198                . = ALIGN (0x4)
 *(.text)
 .text          0x08000198       0x40 c:/users/tommy/documents/bike stmproj/tools/gcc-arm-none-eabi-10.3-2021.10/bin/../lib/gcc/arm-none-eabi/10.3.1/thumb/v7e-m+fp/hard/crtbegin.o
 *(.text*)
 .text.delay    0x080001d8       0x12 build/main.o
                0x080001d8                delay
 *fill*         0x080001ea        0x2 
 .text.on       0x080001ec       0x10 build/main.o
                0x080001ec                on
 .text.off      0x080001fc       0x10 build/main.o
                0x080001fc                off
 .text.main     0x0800020c       0x28 build/main.o
                0x0800020c                main
 .text.Reset_Handler
                0x08000234       0x48 build/startup_stm32f411CEU6.o
                0x08000234                Reset_Handler
 .text.DefaultHandler
                0x0800027c        0x2 build/startup_stm32f411CEU6.o
                0x0800027c                DefaultHandler
 .text.NMI_Handler
                0x0800027e        0x6 build/startup_stm32f411CEU6.o
                0x0800027e                NMI_Handler
 .text.HardFault_Handler
                0x08000284        0x6 build/startup_stm32f411CEU6.o
                0x08000284                HardFault_Handler
 .text.MemManage_Handler
                0x0800028a        0x6 build/startup_stm32f411CEU6.o
                0x0800028a                MemManage_Handler
 .text.BusFault_Handler
                0x08000290        0x6 build/startup_stm32f411CEU6.o
                0x08000290                BusFault_Handler
 .text.UsageFault_Handler
                0x08000296        0x6 build/startup_stm32f411CEU6.o
                0x08000296                UsageFault_Handler
 .text.SVC_Handler
                0x0800029c        0x6 build/startup_stm32f411CEU6.o
                0x0800029c                SVC_Handler
 .text.DebugMon_Handler
                0x080002a2        0x6 build/startup_stm32f411CEU6.o
                0x080002a2                DebugMon_Handler
 .text.PendSV_Handler
                0x080002a8        0x6 build/startup_stm32f411CEU6.o
                0x080002a8                PendSV_Handler
 .text.SysTick_Handler
                0x080002ae        0x6 build/startup_stm32f411CEU6.o
                0x080002ae                SysTick_Handler
 .text.WWDG_IRQHandler
                0x080002b4        0x6 build/startup_stm32f411CEU6.o
                0x080002b4                WWDG_IRQHandler
 .text.PVD_IRQHandler
                0x080002ba        0x6 build/startup_stm32f411CEU6.o
                0x080002ba                PVD_IRQHandler
 .text.TAMP_STAMP_IRQHandler
                0x080002c0        0x6 build/startup_stm32f411CEU6.o
                0x080002c0                TAMP_STAMP_IRQHandler
 .text.RTC_WKUP_IRQHandler
                0x080002c6        0x6 build/startup_stm32f411CEU6.o
                0x080002c6                RTC_WKUP_IRQHandler
 .text.FLASH_IRQHandler
                0x080002cc        0x6 build/startup_stm32f411CEU6.o
                0x080002cc                FLASH_IRQHandler
 .text.RCC_IRQHandler
                0x080002d2        0x6 build/startup_stm32f411CEU6.o
                0x080002d2                RCC_IRQHandler
 .text.EXTI0_IRQHandler
                0x080002d8        0x6 build/startup_stm32f411CEU6.o
                0x080002d8                EXTI0_IRQHandler
 .text.EXTI1_IRQHandler
                0x080002de        0x6 build/startup_stm32f411CEU6.o
                0x080002de                EXTI1_IRQHandler
 .text.EXTI2_IRQHandler
                0x080002e4        0x6 build/startup_stm32f411CEU6.o
                0x080002e4                EXTI2_IRQHandler
 .text.EXTI3_IRQHandler
                0x080002ea        0x6 build/startup_stm32f411CEU6.o
                0x080002ea                EXTI3_IRQHandler
 .text.EXTI4_IRQHandler
                0x080002f0        0x6 build/startup_stm32f411CEU6.o
                0x080002f0                EXTI4_IRQHandler
 .text.DMA1_Stream0_IRQHandler
                0x080002f6        0x6 build/startup_stm32f411CEU6.o
                0x080002f6                DMA1_Stream0_IRQHandler
 .text.DMA1_Stream1_IRQHandler
                0x080002fc        0x6 build/startup_stm32f411CEU6.o
                0x080002fc                DMA1_Stream1_IRQHandler
 .text.DMA1_Stream2_IRQHandler
                0x08000302        0x6 build/startup_stm32f411CEU6.o
                0x08000302                DMA1_Stream2_IRQHandler
 .text.DMA1_Stream3_IRQHandler
                0x08000308        0x6 build/startup_stm32f411CEU6.o
                0x08000308                DMA1_Stream3_IRQHandler
 .text.DMA1_Stream4_IRQHandler
                0x0800030e        0x6 build/startup_stm32f411CEU6.o
                0x0800030e                DMA1_Stream4_IRQHandler
 .text.DMA1_Stream5_IRQHandler
                0x08000314        0x6 build/startup_stm32f411CEU6.o
                0x08000314                DMA1_Stream5_IRQHandler
 .text.DMA1_Stream6_IRQHandler
                0x0800031a        0x6 build/startup_stm32f411CEU6.o
                0x0800031a                DMA1_Stream6_IRQHandler
 .text.ADC_IRQHandler
                0x08000320        0x6 build/startup_stm32f411CEU6.o
                0x08000320                ADC_IRQHandler
 .text.EXTI9_5_IRQHandler
                0x08000326        0x6 build/startup_stm32f411CEU6.o
                0x08000326                EXTI9_5_IRQHandler
 .text.TIM1_BRK_TIM9_IRQHandler
                0x0800032c        0x6 build/startup_stm32f411CEU6.o
                0x0800032c                TIM1_BRK_TIM9_IRQHandler
 .text.TIM1_UP_TIM10_IRQHandler
                0x08000332        0x6 build/startup_stm32f411CEU6.o
                0x08000332                TIM1_UP_TIM10_IRQHandler
 .text.TIM1_TRG_COM_TIM11_IRQHandler
                0x08000338        0x6 build/startup_stm32f411CEU6.o
                0x08000338                TIM1_TRG_COM_TIM11_IRQHandler
 .text.TIM1_CC_IRQHandler
                0x0800033e        0x6 build/startup_stm32f411CEU6.o
                0x0800033e                TIM1_CC_IRQHandler
 .text.TIM2_IRQHandler
                0x08000344        0x6 build/startup_stm32f411CEU6.o
                0x08000344                TIM2_IRQHandler
 .text.TIM3_IRQHandler
                0x0800034a        0x6 build/startup_stm32f411CEU6.o
                0x0800034a                TIM3_IRQHandler
 .text.TIM4_IRQHandler
                0x08000350        0x6 build/startup_stm32f411CEU6.o
                0x08000350                TIM4_IRQHandler
 .text.I2C1_EV_IRQHandler
                0x08000356        0x6 build/startup_stm32f411CEU6.o
                0x08000356                I2C1_EV_IRQHandler
 .text.I2C1_ER_IRQHandler
                0x0800035c        0x6 build/startup_stm32f411CEU6.o
                0x0800035c                I2C1_ER_IRQHandler
 .text.I2C2_EV_IRQHandler
                0x08000362        0x6 build/startup_stm32f411CEU6.o
                0x08000362                I2C2_EV_IRQHandler
 .text.I2C2_ER_IRQHandler
                0x08000368        0x6 build/startup_stm32f411CEU6.o
                0x08000368                I2C2_ER_IRQHandler
 .text.SPI1_IRQHandler
                0x0800036e        0x6 build/startup_stm32f411CEU6.o
                0x0800036e                SPI1_IRQHandler
 .text.SPI2_IRQHandler
                0x08000374        0x6 build/startup_stm32f411CEU6.o
                0x08000374                SPI2_IRQHandler
 .text.USART1_IRQHandler
                0x0800037a        0x6 build/startup_stm32f411CEU6.o
                0x0800037a                USART1_IRQHandler
 .text.USART2_IRQHandler
                0x08000380        0x6 build/startup_stm32f411CEU6.o
                0x08000380                USART2_IRQHandler
 .text.EXTI15_10_IRQHandler
                0x08000386        0x6 build/startup_stm32f411CEU6.o
                0x08000386                EXTI15_10_IRQHandler
 .text.RTC_Alarm_IRQHandler
                0x0800038c        0x6 build/startup_stm32f411CEU6.o
                0x0800038c                RTC_Alarm_IRQHandler
 .text.OTG_FS_WKUP_IRQHandler
                0x08000392        0x6 build/startup_stm32f411CEU6.o
                0x08000392                OTG_FS_WKUP_IRQHandler
 .text.DMA1_Stream7_IRQHandler
                0x08000398        0x6 build/startup_stm32f411CEU6.o
                0x08000398                DMA1_Stream7_IRQHandler
 .text.SDIO_IRQHandler
                0x0800039e        0x6 build/startup_stm32f411CEU6.o
                0x0800039e                SDIO_IRQHandler
 .text.TIM5_IRQHandler
                0x080003a4        0x6 build/startup_stm32f411CEU6.o
                0x080003a4                TIM5_IRQHandler
 .text.SPI3_IRQHandler
                0x080003aa        0x6 build/startup_stm32f411CEU6.o
                0x080003aa                SPI3_IRQHandler
 .text.DMA2_Stream0_IRQHandler
                0x080003b0        0x6 build/startup_stm32f411CEU6.o
                0x080003b0                DMA2_Stream0_IRQHandler
 .text.DMA2_Stream1_IRQHandler
                0x080003b6        0x6 build/startup_stm32f411CEU6.o
                0x080003b6                DMA2_Stream1_IRQHandler
 .text.DMA2_Stream2_IRQHandler
                0x080003bc        0x6 build/startup_stm32f411CEU6.o
                0x080003bc                DMA2_Stream2_IRQHandler
 .text.DMA2_Stream3_IRQHandler
                0x080003c2        0x6 build/startup_stm32f411CEU6.o
                0x080003c2                DMA2_Stream3_IRQHandler
 .text.DMA2_Stream4_IRQHandler
                0x080003c8        0x6 build/startup_stm32f411CEU6.o
                0x080003c8                DMA2_Stream4_IRQHandler
 .text.OTG_FS_IRQHandler
                0x080003ce        0x6 build/startup_stm32f411CEU6.o
                0x080003ce                OTG_FS_IRQHandler
 .text.DMA2_Stream5_IRQHandler
                0x080003d4        0x6 build/startup_stm32f411CEU6.o
                0x080003d4                DMA2_Stream5_IRQHandler
 .text.DMA2_Stream6_IRQHandler
                0x080003da        0x6 build/startup_stm32f411CEU6.o
                0x080003da                DMA2_Stream6_IRQHandler
 .text.DMA2_Stream7_IRQHandler
                0x080003e0        0x6 build/startup_stm32f411CEU6.o
                0x080003e0                DMA2_Stream7_IRQHandler
 .text.USART6_IRQHandler
                0x080003e6        0x6 build/startup_stm32f411CEU6.o
                0x080003e6                USART6_IRQHandler
 .text.I2C3_EV_IRQHandler
                0x080003ec        0x6 build/startup_stm32f411CEU6.o
                0x080003ec                I2C3_EV_IRQHandler
 .text.I2C3_ER_IRQHandler
                0x080003f2        0x6 build/startup_stm32f411CEU6.o
                0x080003f2                I2C3_ER_IRQHandler
 .text.FPU_IRQHandler
                0x080003f8        0x6 build/startup_stm32f411CEU6.o
                0x080003f8                FPU_IRQHandler
 .text.SPI4_IRQHandler
                0x080003fe        0x6 build/startup_stm32f411CEU6.o
                0x080003fe                SPI4_IRQHandler
 .text.SPI5_IRQHandler
                0x08000404        0x6 build/startup_stm32f411CEU6.o
                0x08000404                SPI5_IRQHandler
 *fill*         0x0800040a        0x2 
 .text.RCC_Enable_HSE
                0x0800040c       0x98 build/Peripheral_initialization.o
                0x0800040c                RCC_Enable_HSE
 .text.GPIO_Setup
                0x080004a4       0x24 build/Peripheral_initialization.o
                0x080004a4                GPIO_Setup
 .text.SystemInit
                0x080004c8       0x14 build/system_stm32f4xx.o
                0x080004c8                SystemInit
 .text.__libc_init_array
                0x080004dc       0x48 c:/users/tommy/documents/bike stmproj/tools/gcc-arm-none-eabi-10.3-2021.10/bin/../lib/gcc/arm-none-eabi/10.3.1/../../../../arm-none-eabi/lib/thumb/v7e-m+fp/hard\libc_nano.a(lib_a-init.o)
                0x080004dc                __libc_init_array
 *(.glue_7)
 .glue_7        0x08000524        0x0 linker stubs
 *(.glue_7t)
 .glue_7t       0x08000524        0x0 linker stubs
 *(.eh_frame)
 .eh_frame      0x08000524        0x0 c:/users/tommy/documents/bike stmproj/tools/gcc-arm-none-eabi-10.3-2021.10/bin/../lib/gcc/arm-none-eabi/10.3.1/thumb/v7e-m+fp/hard/crtbegin.o
 *(.init)
 .init          0x08000524        0x4 c:/users/tommy/documents/bike stmproj/tools/gcc-arm-none-eabi-10.3-2021.10/bin/../lib/gcc/arm-none-eabi/10.3.1/thumb/v7e-m+fp/hard/crti.o
                0x08000524                _init
 .init          0x08000528        0x8 c:/users/tommy/documents/bike stmproj/tools/gcc-arm-none-eabi-10.3-2021.10/bin/../lib/gcc/arm-none-eabi/10.3.1/thumb/v7e-m+fp/hard/crtn.o
 *(.fini)
 .fini          0x08000530        0x4 c:/users/tommy/documents/bike stmproj/tools/gcc-arm-none-eabi-10.3-2021.10/bin/../lib/gcc/arm-none-eabi/10.3.1/thumb/v7e-m+fp/hard/crti.o
                0x08000530                _fini
 .fini          0x08000534        0x8 c:/users/tommy/documents/bike stmproj/tools/gcc-arm-none-eabi-10.3-2021.10/bin/../lib/gcc/arm-none-eabi/10.3.1/thumb/v7e-m+fp/hard/crtn.o
                0x0800053c                . = ALIGN (0x4)
                0x0800053c                _etext = .

.vfp11_veneer   0x0800053c        0x0
 .vfp11_veneer  0x0800053c        0x0 linker stubs

.v4_bx          0x0800053c        0x0
 .v4_bx         0x0800053c        0x0 linker stubs

.iplt           0x0800053c        0x0
 .iplt          0x0800053c        0x0 c:/users/tommy/documents/bike stmproj/tools/gcc-arm-none-eabi-10.3-2021.10/bin/../lib/gcc/arm-none-eabi/10.3.1/thumb/v7e-m+fp/hard/crtbegin.o

.rel.dyn        0x0800053c        0x0
 .rel.iplt      0x0800053c        0x0 c:/users/tommy/documents/bike stmproj/tools/gcc-arm-none-eabi-10.3-2021.10/bin/../lib/gcc/arm-none-eabi/10.3.1/thumb/v7e-m+fp/hard/crtbegin.o

.rodata         0x0800053c        0x0
                0x0800053c                . = ALIGN (0x4)
 *(.rodata)
 *(.rodata*)
                0x0800053c                . = ALIGN (0x4)

.ARM.extab
 *(.ARM.extab* .gnu.linkonce.armextab.*)

.ARM            0x0800053c        0x0
                0x0800053c                __exidx_start = .
 *(.ARM.exidx*)
                0x0800053c                __exidx_end = .

.preinit_array  0x0800053c        0x0
                0x0800053c                PROVIDE (__preinit_array_start = .)
 *(.preinit_array*)
                0x0800053c                PROVIDE (__preinit_array_end = .)

.init_array     0x0800053c        0x4
                0x0800053c                PROVIDE (__init_array_start = .)
 *(SORT_BY_NAME(.init_array.*))
 *(.init_array*)
 .init_array    0x0800053c        0x4 c:/users/tommy/documents/bike stmproj/tools/gcc-arm-none-eabi-10.3-2021.10/bin/../lib/gcc/arm-none-eabi/10.3.1/thumb/v7e-m+fp/hard/crtbegin.o
                0x08000540                PROVIDE (__init_array_end = .)

.fini_array     0x08000540        0x4
                [!provide]                PROVIDE (__fini_array_start = .)
 *(SORT_BY_NAME(.fini_array.*))
 *(.fini_array*)
 .fini_array    0x08000540        0x4 c:/users/tommy/documents/bike stmproj/tools/gcc-arm-none-eabi-10.3-2021.10/bin/../lib/gcc/arm-none-eabi/10.3.1/thumb/v7e-m+fp/hard/crtbegin.o
                [!provide]                PROVIDE (__fini_array_end = .)
                0x08000544                _sidata = LOADADDR (.data)

.data           0x20000000        0x0 load address 0x08000544
                0x20000000                . = ALIGN (0x4)
                0x20000000                _sdata = .
 *(.data)
 *(.data*)
                0x20000000                . = ALIGN (0x4)
                0x20000000                _edata = .

.igot.plt       0x20000000        0x0 load address 0x08000544
 .igot.plt      0x20000000        0x0 c:/users/tommy/documents/bike stmproj/tools/gcc-arm-none-eabi-10.3-2021.10/bin/../lib/gcc/arm-none-eabi/10.3.1/thumb/v7e-m+fp/hard/crtbegin.o
                0x20000000                . = ALIGN (0x4)

.bss            0x20000000       0x1c load address 0x08000544
                0x20000000                _sbss = .
                0x20000000                __bss_start__ = _sbss
 *(.bss)
 .bss           0x20000000       0x1c c:/users/tommy/documents/bike stmproj/tools/gcc-arm-none-eabi-10.3-2021.10/bin/../lib/gcc/arm-none-eabi/10.3.1/thumb/v7e-m+fp/hard/crtbegin.o
 *(.bss*)
 *(COMMON)
                0x2000001c                . = ALIGN (0x4)
                0x2000001c                _ebss = .
                0x2000001c                __bss_end__ = _ebss

._user_heap_stack
                0x2000001c      0x604 load address 0x08000544
                0x20000020                . = ALIGN (0x8)
 *fill*         0x2000001c        0x4 
                [!provide]                PROVIDE (end = .)
                [!provide]                PROVIDE (_end = .)
                0x20000220                . = (. + _Min_Heap_Size)
 *fill*         0x20000020      0x200 
                0x20000620                . = (. + _Min_Stack_Size)
 *fill*         0x20000220      0x400 
                0x20000620                . = ALIGN (0x8)

/DISCARD/
 libc.a(*)
 libm.a(*)
 libgcc.a(*)
OUTPUT(build/Bike.elf elf32-littlearm)
LOAD linker stubs
LOAD c:/users/tommy/documents/bike stmproj/tools/gcc-arm-none-eabi-10.3-2021.10/bin/../lib/gcc/arm-none-eabi/10.3.1/../../../../arm-none-eabi/lib/thumb/v7e-m+fp/hard\libc.a
LOAD c:/users/tommy/documents/bike stmproj/tools/gcc-arm-none-eabi-10.3-2021.10/bin/../lib/gcc/arm-none-eabi/10.3.1/../../../../arm-none-eabi/lib/thumb/v7e-m+fp/hard\libm.a
LOAD c:/users/tommy/documents/bike stmproj/tools/gcc-arm-none-eabi-10.3-2021.10/bin/../lib/gcc/arm-none-eabi/10.3.1/thumb/v7e-m+fp/hard\libgcc.a

.ARM.attributes
                0x00000000       0x30
 .ARM.attributes
                0x00000000       0x1e c:/users/tommy/documents/bike stmproj/tools/gcc-arm-none-eabi-10.3-2021.10/bin/../lib/gcc/arm-none-eabi/10.3.1/thumb/v7e-m+fp/hard/crti.o
 .ARM.attributes
                0x0000001e       0x34 c:/users/tommy/documents/bike stmproj/tools/gcc-arm-none-eabi-10.3-2021.10/bin/../lib/gcc/arm-none-eabi/10.3.1/thumb/v7e-m+fp/hard/crtbegin.o
 .ARM.attributes
                0x00000052       0x34 build/main.o
 .ARM.attributes
                0x00000086       0x34 build/startup_stm32f411CEU6.o
 .ARM.attributes
                0x000000ba       0x34 build/Peripheral_initialization.o
 .ARM.attributes
                0x000000ee       0x34 build/system_stm32f4xx.o
 .ARM.attributes
                0x00000122       0x34 c:/users/tommy/documents/bike stmproj/tools/gcc-arm-none-eabi-10.3-2021.10/bin/../lib/gcc/arm-none-eabi/10.3.1/../../../../arm-none-eabi/lib/thumb/v7e-m+fp/hard\libc_nano.a(lib_a-init.o)
 .ARM.attributes
                0x00000156       0x1e c:/users/tommy/documents/bike stmproj/tools/gcc-arm-none-eabi-10.3-2021.10/bin/../lib/gcc/arm-none-eabi/10.3.1/thumb/v7e-m+fp/hard/crtn.o

.comment        0x00000000       0x49
 .comment       0x00000000       0x49 build/main.o
                                 0x4a (size before relaxing)
 .comment       0x00000049       0x4a build/startup_stm32f411CEU6.o
 .comment       0x00000049       0x4a build/Peripheral_initialization.o
 .comment       0x00000049       0x4a build/system_stm32f4xx.o

.debug_info     0x00000000     0x17d7
 .debug_info    0x00000000      0x220 build/main.o
 .debug_info    0x00000220      0xb69 build/startup_stm32f411CEU6.o
 .debug_info    0x00000d89      0x469 build/Peripheral_initialization.o
 .debug_info    0x000011f2      0x5e5 build/system_stm32f4xx.o

.debug_abbrev   0x00000000      0x42d
 .debug_abbrev  0x00000000      0x138 build/main.o
 .debug_abbrev  0x00000138       0xfb build/startup_stm32f411CEU6.o
 .debug_abbrev  0x00000233       0xdf build/Peripheral_initialization.o
 .debug_abbrev  0x00000312      0x11b build/system_stm32f4xx.o

.debug_loc      0x00000000      0xa97
 .debug_loc     0x00000000       0x4c build/main.o
 .debug_loc     0x0000004c      0x8f3 build/startup_stm32f411CEU6.o
 .debug_loc     0x0000093f      0x158 build/system_stm32f4xx.o

.debug_aranges  0x00000000      0x2c0
 .debug_aranges
                0x00000000       0x38 build/main.o
 .debug_aranges
                0x00000038      0x238 build/startup_stm32f411CEU6.o
 .debug_aranges
                0x00000270       0x28 build/Peripheral_initialization.o
 .debug_aranges
                0x00000298       0x28 build/system_stm32f4xx.o

.debug_ranges   0x00000000      0x280
 .debug_ranges  0x00000000       0x28 build/main.o
 .debug_ranges  0x00000028      0x228 build/startup_stm32f411CEU6.o
 .debug_ranges  0x00000250       0x18 build/Peripheral_initialization.o
 .debug_ranges  0x00000268       0x18 build/system_stm32f4xx.o

.debug_line     0x00000000      0xe70
 .debug_line    0x00000000      0x228 build/main.o
 .debug_line    0x00000228      0x758 build/startup_stm32f411CEU6.o
 .debug_line    0x00000980      0x270 build/Peripheral_initialization.o
 .debug_line    0x00000bf0      0x280 build/system_stm32f4xx.o

.debug_str      0x00000000      0x96b
 .debug_str     0x00000000      0x19d build/main.o
                                0x1da (size before relaxing)
 .debug_str     0x0000019d      0x59a build/startup_stm32f411CEU6.o
                                0x724 (size before relaxing)
 .debug_str     0x00000737      0x15d build/Peripheral_initialization.o
                                0x31b (size before relaxing)
 .debug_str     0x00000894       0xd7 build/system_stm32f4xx.o
                                0x36c (size before relaxing)

.debug_frame    0x00000000      0x754
 .debug_frame   0x00000000       0x60 build/main.o
 .debug_frame   0x00000060      0x668 build/startup_stm32f411CEU6.o
 .debug_frame   0x000006c8       0x30 build/Peripheral_initialization.o
 .debug_frame   0x000006f8       0x30 build/system_stm32f4xx.o
 .debug_frame   0x00000728       0x2c c:/users/tommy/documents/bike stmproj/tools/gcc-arm-none-eabi-10.3-2021.10/bin/../lib/gcc/arm-none-eabi/10.3.1/../../../../arm-none-eabi/lib/thumb/v7e-m+fp/hard\libc_nano.a(lib_a-init.o)

Cross Reference Table

Symbol                                            File
ADC_IRQHandler                                    build/startup_stm32f411CEU6.o
AHBPrescTable                                     build/system_stm32f4xx.o
APBPrescTable                                     build/system_stm32f4xx.o
BusFault_Handler                                  build/startup_stm32f411CEU6.o
DMA1_Stream0_IRQHandler                           build/startup_stm32f411CEU6.o
DMA1_Stream1_IRQHandler                           build/startup_stm32f411CEU6.o
DMA1_Stream2_IRQHandler                           build/startup_stm32f411CEU6.o
DMA1_Stream3_IRQHandler                           build/startup_stm32f411CEU6.o
DMA1_Stream4_IRQHandler                           build/startup_stm32f411CEU6.o
DMA1_Stream5_IRQHandler                           build/startup_stm32f411CEU6.o
DMA1_Stream6_IRQHandler                           build/startup_stm32f411CEU6.o
DMA1_Stream7_IRQHandler                           build/startup_stm32f411CEU6.o
DMA2_Stream0_IRQHandler                           build/startup_stm32f411CEU6.o
DMA2_Stream1_IRQHandler                           build/startup_stm32f411CEU6.o
DMA2_Stream2_IRQHandler                           build/startup_stm32f411CEU6.o
DMA2_Stream3_IRQHandler                           build/startup_stm32f411CEU6.o
DMA2_Stream4_IRQHandler                           build/startup_stm32f411CEU6.o
DMA2_Stream5_IRQHandler                           build/startup_stm32f411CEU6.o
DMA2_Stream6_IRQHandler                           build/startup_stm32f411CEU6.o
DMA2_Stream7_IRQHandler                           build/startup_stm32f411CEU6.o
DebugMon_Handler                                  build/startup_stm32f411CEU6.o
DefaultHandler                                    build/startup_stm32f411CEU6.o
EXTI0_IRQHandler                                  build/startup_stm32f411CEU6.o
EXTI15_10_IRQHandler                              build/startup_stm32f411CEU6.o
EXTI1_IRQHandler                                  build/startup_stm32f411CEU6.o
EXTI2_IRQHandler                                  build/startup_stm32f411CEU6.o
EXTI3_IRQHandler                                  build/startup_stm32f411CEU6.o
EXTI4_IRQHandler                                  build/startup_stm32f411CEU6.o
EXTI9_5_IRQHandler                                build/startup_stm32f411CEU6.o
FLASH_IRQHandler                                  build/startup_stm32f411CEU6.o
FPU_IRQHandler                                    build/startup_stm32f411CEU6.o
GPIO_Setup                                        build/Peripheral_initialization.o
                                                  build/main.o
HardFault_Handler                                 build/startup_stm32f411CEU6.o
I2C1_ER_IRQHandler                                build/startup_stm32f411CEU6.o
I2C1_EV_IRQHandler                                build/startup_stm32f411CEU6.o
I2C2_ER_IRQHandler                                build/startup_stm32f411CEU6.o
I2C2_EV_IRQHandler                                build/startup_stm32f411CEU6.o
I2C3_ER_IRQHandler                                build/startup_stm32f411CEU6.o
I2C3_EV_IRQHandler                                build/startup_stm32f411CEU6.o
MemManage_Handler                                 build/startup_stm32f411CEU6.o
NMI_Handler                                       build/startup_stm32f411CEU6.o
OTG_FS_IRQHandler                                 build/startup_stm32f411CEU6.o
OTG_FS_WKUP_IRQHandler                            build/startup_stm32f411CEU6.o
PVD_IRQHandler                                    build/startup_stm32f411CEU6.o
PendSV_Handler                                    build/startup_stm32f411CEU6.o
RCC_Enable_HSE                                    build/Peripheral_initialization.o
                                                  build/main.o
RCC_IRQHandler                                    build/startup_stm32f411CEU6.o
RTC_Alarm_IRQHandler                              build/startup_stm32f411CEU6.o
RTC_WKUP_IRQHandler                               build/startup_stm32f411CEU6.o
Reset_Handler                                     build/startup_stm32f411CEU6.o
SDIO_IRQHandler                                   build/startup_stm32f411CEU6.o
SPI1_IRQHandler                                   build/startup_stm32f411CEU6.o
SPI2_IRQHandler                                   build/startup_stm32f411CEU6.o
SPI3_IRQHandler                                   build/startup_stm32f411CEU6.o
SPI4_IRQHandler                                   build/startup_stm32f411CEU6.o
SPI5_IRQHandler                                   build/startup_stm32f411CEU6.o
SVC_Handler                                       build/startup_stm32f411CEU6.o
SysTick_Handler                                   build/startup_stm32f411CEU6.o
SystemCoreClock                                   build/system_stm32f4xx.o
SystemCoreClockUpdate                             build/system_stm32f4xx.o
SystemInit                                        build/system_stm32f4xx.o
                                                  build/startup_stm32f411CEU6.o
TAMP_STAMP_IRQHandler                             build/startup_stm32f411CEU6.o
TIM1_BRK_TIM9_IRQHandler                          build/startup_stm32f411CEU6.o
TIM1_CC_IRQHandler                                build/startup_stm32f411CEU6.o
TIM1_TRG_COM_TIM11_IRQHandler                     build/startup_stm32f411CEU6.o
TIM1_UP_TIM10_IRQHandler                          build/startup_stm32f411CEU6.o
TIM2_IRQHandler                                   build/startup_stm32f411CEU6.o
TIM3_IRQHandler                                   build/startup_stm32f411CEU6.o
TIM4_IRQHandler                                   build/startup_stm32f411CEU6.o
TIM5_IRQHandler                                   build/startup_stm32f411CEU6.o
USART1_IRQHandler                                 build/startup_stm32f411CEU6.o
USART2_IRQHandler                                 build/startup_stm32f411CEU6.o
USART6_IRQHandler                                 build/startup_stm32f411CEU6.o
UsageFault_Handler                                build/startup_stm32f411CEU6.o
VectorTable                                       build/startup_stm32f411CEU6.o
WWDG_IRQHandler                                   build/startup_stm32f411CEU6.o
__bss_end__                                       c:/users/tommy/documents/bike stmproj/tools/gcc-arm-none-eabi-10.3-2021.10/bin/../lib/gcc/arm-none-eabi/10.3.1/../../../../arm-none-eabi/lib/thumb/v7e-m+fp/hard/crt0.o
__bss_start__                                     c:/users/tommy/documents/bike stmproj/tools/gcc-arm-none-eabi-10.3-2021.10/bin/../lib/gcc/arm-none-eabi/10.3.1/../../../../arm-none-eabi/lib/thumb/v7e-m+fp/hard/crt0.o
__call_exitprocs                                  c:/users/tommy/documents/bike stmproj/tools/gcc-arm-none-eabi-10.3-2021.10/bin/../lib/gcc/arm-none-eabi/10.3.1/../../../../arm-none-eabi/lib/thumb/v7e-m+fp/hard\libc_nano.a(lib_a-exit.o)
__deregister_frame_info                           c:/users/tommy/documents/bike stmproj/tools/gcc-arm-none-eabi-10.3-2021.10/bin/../lib/gcc/arm-none-eabi/10.3.1/thumb/v7e-m+fp/hard/crtbegin.o
__dso_handle                                      c:/users/tommy/documents/bike stmproj/tools/gcc-arm-none-eabi-10.3-2021.10/bin/../lib/gcc/arm-none-eabi/10.3.1/thumb/v7e-m+fp/hard/crtbegin.o
__init_array_end                                  c:/users/tommy/documents/bike stmproj/tools/gcc-arm-none-eabi-10.3-2021.10/bin/../lib/gcc/arm-none-eabi/10.3.1/../../../../arm-none-eabi/lib/thumb/v7e-m+fp/hard\libc_nano.a(lib_a-init.o)
__init_array_start                                c:/users/tommy/documents/bike stmproj/tools/gcc-arm-none-eabi-10.3-2021.10/bin/../lib/gcc/arm-none-eabi/10.3.1/../../../../arm-none-eabi/lib/thumb/v7e-m+fp/hard\libc_nano.a(lib_a-init.o)
__libc_fini_array                                 c:/users/tommy/documents/bike stmproj/tools/gcc-arm-none-eabi-10.3-2021.10/bin/../lib/gcc/arm-none-eabi/10.3.1/../../../../arm-none-eabi/lib/thumb/v7e-m+fp/hard/crt0.o
__libc_init_array                                 c:/users/tommy/documents/bike stmproj/tools/gcc-arm-none-eabi-10.3-2021.10/bin/../lib/gcc/arm-none-eabi/10.3.1/../../../../arm-none-eabi/lib/thumb/v7e-m+fp/hard\libc_nano.a(lib_a-init.o)
                                                  build/startup_stm32f411CEU6.o
                                                  c:/users/tommy/documents/bike stmproj/tools/gcc-arm-none-eabi-10.3-2021.10/bin/../lib/gcc/arm-none-eabi/10.3.1/../../../../arm-none-eabi/lib/thumb/v7e-m+fp/hard/crt0.o
__preinit_array_end                               c:/users/tommy/documents/bike stmproj/tools/gcc-arm-none-eabi-10.3-2021.10/bin/../lib/gcc/arm-none-eabi/10.3.1/../../../../arm-none-eabi/lib/thumb/v7e-m+fp/hard\libc_nano.a(lib_a-init.o)
__preinit_array_start                             c:/users/tommy/documents/bike stmproj/tools/gcc-arm-none-eabi-10.3-2021.10/bin/../lib/gcc/arm-none-eabi/10.3.1/../../../../arm-none-eabi/lib/thumb/v7e-m+fp/hard\libc_nano.a(lib_a-init.o)
__register_frame_info                             c:/users/tommy/documents/bike stmproj/tools/gcc-arm-none-eabi-10.3-2021.10/bin/../lib/gcc/arm-none-eabi/10.3.1/thumb/v7e-m+fp/hard/crtbegin.o
__sf_fake_stderr                                  c:/users/tommy/documents/bike stmproj/tools/gcc-arm-none-eabi-10.3-2021.10/bin/../lib/gcc/arm-none-eabi/10.3.1/../../../../arm-none-eabi/lib/thumb/v7e-m+fp/hard\libc_nano.a(lib_a-impure.o)
__sf_fake_stdin                                   c:/users/tommy/documents/bike stmproj/tools/gcc-arm-none-eabi-10.3-2021.10/bin/../lib/gcc/arm-none-eabi/10.3.1/../../../../arm-none-eabi/lib/thumb/v7e-m+fp/hard\libc_nano.a(lib_a-impure.o)
__sf_fake_stdout                                  c:/users/tommy/documents/bike stmproj/tools/gcc-arm-none-eabi-10.3-2021.10/bin/../lib/gcc/arm-none-eabi/10.3.1/../../../../arm-none-eabi/lib/thumb/v7e-m+fp/hard\libc_nano.a(lib_a-impure.o)
__stack                                           c:/users/tommy/documents/bike stmproj/tools/gcc-arm-none-eabi-10.3-2021.10/bin/../lib/gcc/arm-none-eabi/10.3.1/../../../../arm-none-eabi/lib/thumb/v7e-m+fp/hard/crt0.o
_ebss                                             build/startup_stm32f411CEU6.o
_edata                                            build/startup_stm32f411CEU6.o
_estack                                           build/startup_stm32f411CEU6.o
_exit                                             c:/users/tommy/documents/bike stmproj/tools/gcc-arm-none-eabi-10.3-2021.10/bin/../lib/gcc/arm-none-eabi/10.3.1/../../../../arm-none-eabi/lib/thumb/v7e-m+fp/hard\libnosys.a(_exit.o)
                                                  c:/users/tommy/documents/bike stmproj/tools/gcc-arm-none-eabi-10.3-2021.10/bin/../lib/gcc/arm-none-eabi/10.3.1/../../../../arm-none-eabi/lib/thumb/v7e-m+fp/hard\libc_nano.a(lib_a-exit.o)
_fini                                             c:/users/tommy/documents/bike stmproj/tools/gcc-arm-none-eabi-10.3-2021.10/bin/../lib/gcc/arm-none-eabi/10.3.1/thumb/v7e-m+fp/hard/crti.o
_global_impure_ptr                                c:/users/tommy/documents/bike stmproj/tools/gcc-arm-none-eabi-10.3-2021.10/bin/../lib/gcc/arm-none-eabi/10.3.1/../../../../arm-none-eabi/lib/thumb/v7e-m+fp/hard\libc_nano.a(lib_a-impure.o)
                                                  c:/users/tommy/documents/bike stmproj/tools/gcc-arm-none-eabi-10.3-2021.10/bin/../lib/gcc/arm-none-eabi/10.3.1/../../../../arm-none-eabi/lib/thumb/v7e-m+fp/hard\libc_nano.a(lib_a-exit.o)
_impure_ptr                                       c:/users/tommy/documents/bike stmproj/tools/gcc-arm-none-eabi-10.3-2021.10/bin/../lib/gcc/arm-none-eabi/10.3.1/../../../../arm-none-eabi/lib/thumb/v7e-m+fp/hard\libc_nano.a(lib_a-impure.o)
_init                                             c:/users/tommy/documents/bike stmproj/tools/gcc-arm-none-eabi-10.3-2021.10/bin/../lib/gcc/arm-none-eabi/10.3.1/thumb/v7e-m+fp/hard/crti.o
                                                  c:/users/tommy/documents/bike stmproj/tools/gcc-arm-none-eabi-10.3-2021.10/bin/../lib/gcc/arm-none-eabi/10.3.1/../../../../arm-none-eabi/lib/thumb/v7e-m+fp/hard\libc_nano.a(lib_a-init.o)
_mainCRTStartup                                   c:/users/tommy/documents/bike stmproj/tools/gcc-arm-none-eabi-10.3-2021.10/bin/../lib/gcc/arm-none-eabi/10.3.1/../../../../arm-none-eabi/lib/thumb/v7e-m+fp/hard/crt0.o
_sbss                                             build/startup_stm32f411CEU6.o
_sdata                                            build/startup_stm32f411CEU6.o
_sidata                                           build/startup_stm32f411CEU6.o
_stack_init                                       c:/users/tommy/documents/bike stmproj/tools/gcc-arm-none-eabi-10.3-2021.10/bin/../lib/gcc/arm-none-eabi/10.3.1/../../../../arm-none-eabi/lib/thumb/v7e-m+fp/hard/crt0.o
_start                                            c:/users/tommy/documents/bike stmproj/tools/gcc-arm-none-eabi-10.3-2021.10/bin/../lib/gcc/arm-none-eabi/10.3.1/../../../../arm-none-eabi/lib/thumb/v7e-m+fp/hard/crt0.o
atexit                                            c:/users/tommy/documents/bike stmproj/tools/gcc-arm-none-eabi-10.3-2021.10/bin/../lib/gcc/arm-none-eabi/10.3.1/../../../../arm-none-eabi/lib/thumb/v7e-m+fp/hard/crt0.o
delay                                             build/main.o
exit                                              c:/users/tommy/documents/bike stmproj/tools/gcc-arm-none-eabi-10.3-2021.10/bin/../lib/gcc/arm-none-eabi/10.3.1/../../../../arm-none-eabi/lib/thumb/v7e-m+fp/hard\libc_nano.a(lib_a-exit.o)
                                                  c:/users/tommy/documents/bike stmproj/tools/gcc-arm-none-eabi-10.3-2021.10/bin/../lib/gcc/arm-none-eabi/10.3.1/../../../../arm-none-eabi/lib/thumb/v7e-m+fp/hard/crt0.o
hardware_init_hook                                c:/users/tommy/documents/bike stmproj/tools/gcc-arm-none-eabi-10.3-2021.10/bin/../lib/gcc/arm-none-eabi/10.3.1/../../../../arm-none-eabi/lib/thumb/v7e-m+fp/hard/crt0.o
main                                              build/main.o
                                                  build/startup_stm32f411CEU6.o
                                                  c:/users/tommy/documents/bike stmproj/tools/gcc-arm-none-eabi-10.3-2021.10/bin/../lib/gcc/arm-none-eabi/10.3.1/../../../../arm-none-eabi/lib/thumb/v7e-m+fp/hard/crt0.o
memset                                            c:/users/tommy/documents/bike stmproj/tools/gcc-arm-none-eabi-10.3-2021.10/bin/../lib/gcc/arm-none-eabi/10.3.1/../../../../arm-none-eabi/lib/thumb/v7e-m+fp/hard\libc_nano.a(lib_a-memset.o)
                                                  c:/users/tommy/documents/bike stmproj/tools/gcc-arm-none-eabi-10.3-2021.10/bin/../lib/gcc/arm-none-eabi/10.3.1/../../../../arm-none-eabi/lib/thumb/v7e-m+fp/hard/crt0.o
off                                               build/main.o
on                                                build/main.o
software_init_hook                                c:/users/tommy/documents/bike stmproj/tools/gcc-arm-none-eabi-10.3-2021.10/bin/../lib/gcc/arm-none-eabi/10.3.1/../../../../arm-none-eabi/lib/thumb/v7e-m+fp/hard/crt0.o
